OWNED amiga=50000040 arm_candidate=101f0040 size=4194304 nonce=8463a7d5
BOOTSTRAP amiga=40c52800 arm=00e42800 (P96 allocated/locked)
MAP status=4d415031 SCTLR=08c50878 MIDR=413fc090 MPIDR=80000001
MAPPING PASS (eight nonce-derived words)
ARM ready=41524d31 SCTLR=08c50878 MIDR=413fc090 MPIDR=80000001
TIMER estimated_hz=339064983 calibration_us=2006603
CPU_SOURCE=094cf244 (outside ZZ9000 Fast RAM bank)
SCREEN 640x480 bpp=4 format=9
BUFFER 320x240 amiga=40cb7800 arm=00ea7800 pitch=2560 path=ARM-direct
VERIFY path=ARM-direct frame=0 mismatches=0
FRAME path=ARM-direct w=320 h=240 batch=1 n=1 arm_us=13729 wall_us=34388
FRAME path=ARM-direct w=320 h=240 batch=1 n=2 arm_us=13727 wall_us=33689
FRAME path=ARM-direct w=320 h=240 batch=1 n=3 arm_us=13724 wall_us=32836
FRAME path=ARM-direct w=320 h=240 batch=1 n=4 arm_us=13719 wall_us=34499
FRAME path=ARM-direct w=320 h=240 batch=1 n=5 arm_us=13722 wall_us=33733
FRAME path=ARM-direct w=320 h=240 batch=1 n=6 arm_us=13727 wall_us=32747
FRAME path=ARM-direct w=320 h=240 batch=1 n=7 arm_us=13724 wall_us=34524
FRAME path=ARM-direct w=320 h=240 batch=1 n=8 arm_us=13720 wall_us=33697
FRAME path=ARM-direct w=320 h=240 batch=1 n=9 arm_us=13726 wall_us=32800
FRAME path=ARM-direct w=320 h=240 batch=1 n=10 arm_us=13719 wall_us=34724
FRAME path=ARM-direct w=320 h=240 batch=1 n=11 arm_us=13823 wall_us=33810
FRAME path=ARM-direct w=320 h=240 batch=1 n=12 arm_us=13717 wall_us=32758
FRAME path=ARM-direct w=320 h=240 batch=1 n=13 arm_us=13713 wall_us=34466
FRAME path=ARM-direct w=320 h=240 batch=1 n=14 arm_us=13719 wall_us=33650
FRAME path=ARM-direct w=320 h=240 batch=1 n=15 arm_us=13717 wall_us=32889
FRAME path=ARM-direct w=320 h=240 batch=1 n=16 arm_us=13715 wall_us=34562
FRAME path=ARM-direct w=320 h=240 batch=1 n=17 arm_us=13718 wall_us=33460
FRAME path=ARM-direct w=320 h=240 batch=1 n=18 arm_us=13713 wall_us=32654
FRAME path=ARM-direct w=320 h=240 batch=1 n=19 arm_us=13717 wall_us=34412
FRAME path=ARM-direct w=320 h=240 batch=1 n=20 arm_us=13720 wall_us=33782
FRAME path=ARM-direct w=320 h=240 batch=2 n=21 arm_us=13737 wall_us=32738
FRAME path=ARM-direct w=320 h=240 batch=2 n=22 arm_us=13722 wall_us=34360
FRAME path=ARM-direct w=320 h=240 batch=2 n=23 arm_us=13725 wall_us=33586
FRAME path=ARM-direct w=320 h=240 batch=2 n=24 arm_us=13726 wall_us=32826
FRAME path=ARM-direct w=320 h=240 batch=2 n=25 arm_us=13721 wall_us=34484
FRAME path=ARM-direct w=320 h=240 batch=2 n=26 arm_us=13732 wall_us=32627
FRAME path=ARM-direct w=320 h=240 batch=2 n=27 arm_us=13732 wall_us=32837
FRAME path=ARM-direct w=320 h=240 batch=2 n=28 arm_us=13717 wall_us=34564
FRAME path=ARM-direct w=320 h=240 batch=2 n=29 arm_us=13722 wall_us=33720
FRAME path=ARM-direct w=320 h=240 batch=2 n=30 arm_us=13721 wall_us=32874
FRAME path=ARM-direct w=320 h=240 batch=2 n=31 arm_us=13720 wall_us=34400
FRAME path=ARM-direct w=320 h=240 batch=2 n=32 arm_us=13727 wall_us=33921
FRAME path=ARM-direct w=320 h=240 batch=2 n=33 arm_us=13714 wall_us=32658
FRAME path=ARM-direct w=320 h=240 batch=2 n=34 arm_us=13719 wall_us=34668
FRAME path=ARM-direct w=320 h=240 batch=2 n=35 arm_us=13728 wall_us=33756
FRAME path=ARM-direct w=320 h=240 batch=2 n=36 arm_us=13719 wall_us=32724
FRAME path=ARM-direct w=320 h=240 batch=2 n=37 arm_us=13809 wall_us=34329
FRAME path=ARM-direct w=320 h=240 batch=2 n=38 arm_us=13724 wall_us=33703
FRAME path=ARM-direct w=320 h=240 batch=2 n=39 arm_us=13723 wall_us=32855
FRAME path=ARM-direct w=320 h=240 batch=2 n=40 arm_us=13729 wall_us=34705
FRAME path=ARM-direct w=320 h=240 batch=3 n=41 arm_us=13729 wall_us=33618
FRAME path=ARM-direct w=320 h=240 batch=3 n=42 arm_us=13719 wall_us=32843
FRAME path=ARM-direct w=320 h=240 batch=3 n=43 arm_us=13813 wall_us=30165
FRAME path=ARM-direct w=320 h=240 batch=3 n=44 arm_us=13725 wall_us=33687
FRAME path=ARM-direct w=320 h=240 batch=3 n=45 arm_us=13729 wall_us=32836
FRAME path=ARM-direct w=320 h=240 batch=3 n=46 arm_us=13736 wall_us=34511
FRAME path=ARM-direct w=320 h=240 batch=3 n=47 arm_us=13723 wall_us=33687
FRAME path=ARM-direct w=320 h=240 batch=3 n=48 arm_us=13735 wall_us=32747
FRAME path=ARM-direct w=320 h=240 batch=3 n=49 arm_us=13721 wall_us=34669
FRAME path=ARM-direct w=320 h=240 batch=3 n=50 arm_us=13723 wall_us=33772
FRAME path=ARM-direct w=320 h=240 batch=3 n=51 arm_us=13722 wall_us=32734
FRAME path=ARM-direct w=320 h=240 batch=3 n=52 arm_us=13726 wall_us=34685
FRAME path=ARM-direct w=320 h=240 batch=3 n=53 arm_us=13721 wall_us=33667
FRAME path=ARM-direct w=320 h=240 batch=3 n=54 arm_us=13734 wall_us=32892
FRAME path=ARM-direct w=320 h=240 batch=3 n=55 arm_us=13845 wall_us=34640
FRAME path=ARM-direct w=320 h=240 batch=3 n=56 arm_us=13715 wall_us=33677
FRAME path=ARM-direct w=320 h=240 batch=3 n=57 arm_us=13726 wall_us=33636
FRAME path=ARM-direct w=320 h=240 batch=3 n=58 arm_us=13723 wall_us=33683
FRAME path=ARM-direct w=320 h=240 batch=3 n=59 arm_us=13718 wall_us=33669
VERIFY path=ARM-direct frame=60 mismatches=0
FRAME path=ARM-direct w=320 h=240 batch=3 n=60 arm_us=13744 wall_us=33149
BUFFER 320x240 amiga=40cb7800 arm=00ea7800 pitch=2560 path=68k-Z3
VERIFY path=68k-Z3 frame=0 mismatches=0
FRAME path=68k-Z3 w=320 h=240 batch=1 n=1 arm_us=0 wall_us=47637
FRAME path=68k-Z3 w=320 h=240 batch=1 n=2 arm_us=0 wall_us=49839
FRAME path=68k-Z3 w=320 h=240 batch=1 n=3 arm_us=0 wall_us=48045
FRAME path=68k-Z3 w=320 h=240 batch=1 n=4 arm_us=0 wall_us=47019
FRAME path=68k-Z3 w=320 h=240 batch=1 n=5 arm_us=0 wall_us=51374
FRAME path=68k-Z3 w=320 h=240 batch=1 n=6 arm_us=0 wall_us=47173
FRAME path=68k-Z3 w=320 h=240 batch=1 n=7 arm_us=0 wall_us=47361
FRAME path=68k-Z3 w=320 h=240 batch=1 n=8 arm_us=0 wall_us=48103
FRAME path=68k-Z3 w=320 h=240 batch=1 n=9 arm_us=0 wall_us=48228
FRAME path=68k-Z3 w=320 h=240 batch=1 n=10 arm_us=0 wall_us=47402
FRAME path=68k-Z3 w=320 h=240 batch=1 n=11 arm_us=0 wall_us=47280
FRAME path=68k-Z3 w=320 h=240 batch=1 n=12 arm_us=0 wall_us=47434
FRAME path=68k-Z3 w=320 h=240 batch=1 n=13 arm_us=0 wall_us=47509
FRAME path=68k-Z3 w=320 h=240 batch=1 n=14 arm_us=0 wall_us=48410
FRAME path=68k-Z3 w=320 h=240 batch=1 n=15 arm_us=0 wall_us=49450
FRAME path=68k-Z3 w=320 h=240 batch=1 n=16 arm_us=0 wall_us=47074
FRAME path=68k-Z3 w=320 h=240 batch=1 n=17 arm_us=0 wall_us=47149
FRAME path=68k-Z3 w=320 h=240 batch=1 n=18 arm_us=0 wall_us=47562
FRAME path=68k-Z3 w=320 h=240 batch=1 n=19 arm_us=0 wall_us=47439
FRAME path=68k-Z3 w=320 h=240 batch=1 n=20 arm_us=0 wall_us=48624
FRAME path=68k-Z3 w=320 h=240 batch=2 n=21 arm_us=0 wall_us=48123
FRAME path=68k-Z3 w=320 h=240 batch=2 n=22 arm_us=0 wall_us=47096
FRAME path=68k-Z3 w=320 h=240 batch=2 n=23 arm_us=0 wall_us=47464
FRAME path=68k-Z3 w=320 h=240 batch=2 n=24 arm_us=0 wall_us=47453
FRAME path=68k-Z3 w=320 h=240 batch=2 n=25 arm_us=0 wall_us=47222
FRAME path=68k-Z3 w=320 h=240 batch=2 n=26 arm_us=0 wall_us=48055
FRAME path=68k-Z3 w=320 h=240 batch=2 n=27 arm_us=0 wall_us=47144
FRAME path=68k-Z3 w=320 h=240 batch=2 n=28 arm_us=0 wall_us=47619
FRAME path=68k-Z3 w=320 h=240 batch=2 n=29 arm_us=0 wall_us=47121
FRAME path=68k-Z3 w=320 h=240 batch=2 n=30 arm_us=0 wall_us=47199
FRAME path=68k-Z3 w=320 h=240 batch=2 n=31 arm_us=0 wall_us=48224
FRAME path=68k-Z3 w=320 h=240 batch=2 n=32 arm_us=0 wall_us=48333
FRAME path=68k-Z3 w=320 h=240 batch=2 n=33 arm_us=0 wall_us=47589
FRAME path=68k-Z3 w=320 h=240 batch=2 n=34 arm_us=0 wall_us=47075
FRAME path=68k-Z3 w=320 h=240 batch=2 n=35 arm_us=0 wall_us=47295
FRAME path=68k-Z3 w=320 h=240 batch=2 n=36 arm_us=0 wall_us=48440
FRAME path=68k-Z3 w=320 h=240 batch=2 n=37 arm_us=0 wall_us=48201
FRAME path=68k-Z3 w=320 h=240 batch=2 n=38 arm_us=0 wall_us=48354
FRAME path=68k-Z3 w=320 h=240 batch=2 n=39 arm_us=0 wall_us=47457
FRAME path=68k-Z3 w=320 h=240 batch=2 n=40 arm_us=0 wall_us=47520
FRAME path=68k-Z3 w=320 h=240 batch=3 n=41 arm_us=0 wall_us=47309
FRAME path=68k-Z3 w=320 h=240 batch=3 n=42 arm_us=0 wall_us=47343
FRAME path=68k-Z3 w=320 h=240 batch=3 n=43 arm_us=0 wall_us=47455
FRAME path=68k-Z3 w=320 h=240 batch=3 n=44 arm_us=0 wall_us=49031
FRAME path=68k-Z3 w=320 h=240 batch=3 n=45 arm_us=0 wall_us=49835
FRAME path=68k-Z3 w=320 h=240 batch=3 n=46 arm_us=0 wall_us=47392
FRAME path=68k-Z3 w=320 h=240 batch=3 n=47 arm_us=0 wall_us=47224
FRAME path=68k-Z3 w=320 h=240 batch=3 n=48 arm_us=0 wall_us=50157
FRAME path=68k-Z3 w=320 h=240 batch=3 n=49 arm_us=0 wall_us=47082
FRAME path=68k-Z3 w=320 h=240 batch=3 n=50 arm_us=0 wall_us=48283
FRAME path=68k-Z3 w=320 h=240 batch=3 n=51 arm_us=0 wall_us=48695
FRAME path=68k-Z3 w=320 h=240 batch=3 n=52 arm_us=0 wall_us=47465
FRAME path=68k-Z3 w=320 h=240 batch=3 n=53 arm_us=0 wall_us=47609
FRAME path=68k-Z3 w=320 h=240 batch=3 n=54 arm_us=0 wall_us=47560
FRAME path=68k-Z3 w=320 h=240 batch=3 n=55 arm_us=0 wall_us=47050
FRAME path=68k-Z3 w=320 h=240 batch=3 n=56 arm_us=0 wall_us=48198
FRAME path=68k-Z3 w=320 h=240 batch=3 n=57 arm_us=0 wall_us=48389
FRAME path=68k-Z3 w=320 h=240 batch=3 n=58 arm_us=0 wall_us=47533
FRAME path=68k-Z3 w=320 h=240 batch=3 n=59 arm_us=0 wall_us=46978
VERIFY path=68k-Z3 frame=60 mismatches=0
FRAME path=68k-Z3 w=320 h=240 batch=3 n=60 arm_us=0 wall_us=47888
BUFFER 640x480 amiga=40cb7800 arm=00ea7800 pitch=2560 path=ARM-direct
VERIFY path=ARM-direct frame=0 mismatches=0
FRAME path=ARM-direct w=640 h=480 batch=1 n=1 arm_us=59423 wall_us=67139
FRAME path=ARM-direct w=640 h=480 batch=1 n=2 arm_us=59318 wall_us=67449
FRAME path=ARM-direct w=640 h=480 batch=1 n=3 arm_us=59305 wall_us=66818
FRAME path=ARM-direct w=640 h=480 batch=1 n=4 arm_us=59319 wall_us=67385
FRAME path=ARM-direct w=640 h=480 batch=1 n=5 arm_us=59332 wall_us=67417
FRAME path=ARM-direct w=640 h=480 batch=1 n=6 arm_us=59305 wall_us=67278
FRAME path=ARM-direct w=640 h=480 batch=1 n=7 arm_us=59304 wall_us=67390
FRAME path=ARM-direct w=640 h=480 batch=1 n=8 arm_us=59304 wall_us=67333
FRAME path=ARM-direct w=640 h=480 batch=1 n=9 arm_us=59332 wall_us=67194
FRAME path=ARM-direct w=640 h=480 batch=1 n=10 arm_us=59315 wall_us=67206
FRAME path=ARM-direct w=640 h=480 batch=1 n=11 arm_us=59335 wall_us=67278
FRAME path=ARM-direct w=640 h=480 batch=1 n=12 arm_us=59310 wall_us=67437
FRAME path=ARM-direct w=640 h=480 batch=1 n=13 arm_us=59391 wall_us=67256
FRAME path=ARM-direct w=640 h=480 batch=1 n=14 arm_us=59315 wall_us=67397
FRAME path=ARM-direct w=640 h=480 batch=1 n=15 arm_us=59328 wall_us=67567
FRAME path=ARM-direct w=640 h=480 batch=1 n=16 arm_us=59305 wall_us=67398
FRAME path=ARM-direct w=640 h=480 batch=1 n=17 arm_us=59394 wall_us=67142
FRAME path=ARM-direct w=640 h=480 batch=1 n=18 arm_us=59319 wall_us=67338
FRAME path=ARM-direct w=640 h=480 batch=1 n=19 arm_us=59319 wall_us=64338
FRAME path=ARM-direct w=640 h=480 batch=1 n=20 arm_us=59298 wall_us=67452
FRAME path=ARM-direct w=640 h=480 batch=2 n=21 arm_us=59323 wall_us=67329
FRAME path=ARM-direct w=640 h=480 batch=2 n=22 arm_us=59299 wall_us=67538
FRAME path=ARM-direct w=640 h=480 batch=2 n=23 arm_us=59319 wall_us=67370
FRAME path=ARM-direct w=640 h=480 batch=2 n=24 arm_us=59410 wall_us=67522
FRAME path=ARM-direct w=640 h=480 batch=2 n=25 arm_us=59384 wall_us=67283
FRAME path=ARM-direct w=640 h=480 batch=2 n=26 arm_us=59325 wall_us=67424
FRAME path=ARM-direct w=640 h=480 batch=2 n=27 arm_us=59326 wall_us=67400
FRAME path=ARM-direct w=640 h=480 batch=2 n=28 arm_us=59314 wall_us=67490
FRAME path=ARM-direct w=640 h=480 batch=2 n=29 arm_us=59395 wall_us=67332
FRAME path=ARM-direct w=640 h=480 batch=2 n=30 arm_us=59309 wall_us=67439
FRAME path=ARM-direct w=640 h=480 batch=2 n=31 arm_us=59304 wall_us=67388
FRAME path=ARM-direct w=640 h=480 batch=2 n=32 arm_us=59314 wall_us=67424
FRAME path=ARM-direct w=640 h=480 batch=2 n=33 arm_us=59404 wall_us=62239
FRAME path=ARM-direct w=640 h=480 batch=2 n=34 arm_us=59318 wall_us=67382
FRAME path=ARM-direct w=640 h=480 batch=2 n=35 arm_us=59315 wall_us=67543
FRAME path=ARM-direct w=640 h=480 batch=2 n=36 arm_us=59316 wall_us=67602
FRAME path=ARM-direct w=640 h=480 batch=2 n=37 arm_us=59325 wall_us=67008
FRAME path=ARM-direct w=640 h=480 batch=2 n=38 arm_us=59323 wall_us=67617
FRAME path=ARM-direct w=640 h=480 batch=2 n=39 arm_us=59304 wall_us=67241
FRAME path=ARM-direct w=640 h=480 batch=2 n=40 arm_us=59320 wall_us=67428
FRAME path=ARM-direct w=640 h=480 batch=3 n=41 arm_us=59305 wall_us=67360
FRAME path=ARM-direct w=640 h=480 batch=3 n=42 arm_us=59416 wall_us=67246
FRAME path=ARM-direct w=640 h=480 batch=3 n=43 arm_us=59303 wall_us=67346
FRAME path=ARM-direct w=640 h=480 batch=3 n=44 arm_us=59311 wall_us=67244
FRAME path=ARM-direct w=640 h=480 batch=3 n=45 arm_us=59308 wall_us=67401
FRAME path=ARM-direct w=640 h=480 batch=3 n=46 arm_us=59317 wall_us=68324
FRAME path=ARM-direct w=640 h=480 batch=3 n=47 arm_us=59309 wall_us=67456
FRAME path=ARM-direct w=640 h=480 batch=3 n=48 arm_us=59307 wall_us=67424
FRAME path=ARM-direct w=640 h=480 batch=3 n=49 arm_us=59305 wall_us=67612
FRAME path=ARM-direct w=640 h=480 batch=3 n=50 arm_us=59323 wall_us=67418
FRAME path=ARM-direct w=640 h=480 batch=3 n=51 arm_us=59320 wall_us=67361
FRAME path=ARM-direct w=640 h=480 batch=3 n=52 arm_us=59308 wall_us=67279
FRAME path=ARM-direct w=640 h=480 batch=3 n=53 arm_us=59311 wall_us=67456
FRAME path=ARM-direct w=640 h=480 batch=3 n=54 arm_us=59310 wall_us=67320
FRAME path=ARM-direct w=640 h=480 batch=3 n=55 arm_us=59310 wall_us=67412
FRAME path=ARM-direct w=640 h=480 batch=3 n=56 arm_us=59298 wall_us=67308
FRAME path=ARM-direct w=640 h=480 batch=3 n=57 arm_us=59310 wall_us=67376
FRAME path=ARM-direct w=640 h=480 batch=3 n=58 arm_us=59316 wall_us=67361
FRAME path=ARM-direct w=640 h=480 batch=3 n=59 arm_us=59323 wall_us=67373
VERIFY path=ARM-direct frame=60 mismatches=0
FRAME path=ARM-direct w=640 h=480 batch=3 n=60 arm_us=59298 wall_us=67249
BUFFER 640x480 amiga=40cb7800 arm=00ea7800 pitch=2560 path=68k-Z3
VERIFY path=68k-Z3 frame=0 mismatches=0
FRAME path=68k-Z3 w=640 h=480 batch=1 n=1 arm_us=0 wall_us=190073
FRAME path=68k-Z3 w=640 h=480 batch=1 n=2 arm_us=0 wall_us=191002
FRAME path=68k-Z3 w=640 h=480 batch=1 n=3 arm_us=0 wall_us=191451
FRAME path=68k-Z3 w=640 h=480 batch=1 n=4 arm_us=0 wall_us=190951
FRAME path=68k-Z3 w=640 h=480 batch=1 n=5 arm_us=0 wall_us=194372
FRAME path=68k-Z3 w=640 h=480 batch=1 n=6 arm_us=0 wall_us=191910
FRAME path=68k-Z3 w=640 h=480 batch=1 n=7 arm_us=0 wall_us=190058
FRAME path=68k-Z3 w=640 h=480 batch=1 n=8 arm_us=0 wall_us=192733
FRAME path=68k-Z3 w=640 h=480 batch=1 n=9 arm_us=0 wall_us=194775
FRAME path=68k-Z3 w=640 h=480 batch=1 n=10 arm_us=0 wall_us=190241
FRAME path=68k-Z3 w=640 h=480 batch=1 n=11 arm_us=0 wall_us=191330
FRAME path=68k-Z3 w=640 h=480 batch=1 n=12 arm_us=0 wall_us=190679
FRAME path=68k-Z3 w=640 h=480 batch=1 n=13 arm_us=0 wall_us=190283
FRAME path=68k-Z3 w=640 h=480 batch=1 n=14 arm_us=0 wall_us=191217
FRAME path=68k-Z3 w=640 h=480 batch=1 n=15 arm_us=0 wall_us=189717
FRAME path=68k-Z3 w=640 h=480 batch=1 n=16 arm_us=0 wall_us=191155
FRAME path=68k-Z3 w=640 h=480 batch=1 n=17 arm_us=0 wall_us=190606
FRAME path=68k-Z3 w=640 h=480 batch=1 n=18 arm_us=0 wall_us=195123
FRAME path=68k-Z3 w=640 h=480 batch=1 n=19 arm_us=0 wall_us=190681
FRAME path=68k-Z3 w=640 h=480 batch=1 n=20 arm_us=0 wall_us=191461
FRAME path=68k-Z3 w=640 h=480 batch=2 n=21 arm_us=0 wall_us=190828
FRAME path=68k-Z3 w=640 h=480 batch=2 n=22 arm_us=0 wall_us=192485
FRAME path=68k-Z3 w=640 h=480 batch=2 n=23 arm_us=0 wall_us=192599
FRAME path=68k-Z3 w=640 h=480 batch=2 n=24 arm_us=0 wall_us=190524
FRAME path=68k-Z3 w=640 h=480 batch=2 n=25 arm_us=0 wall_us=190143
FRAME path=68k-Z3 w=640 h=480 batch=2 n=26 arm_us=0 wall_us=191903
FRAME path=68k-Z3 w=640 h=480 batch=2 n=27 arm_us=0 wall_us=194231
FRAME path=68k-Z3 w=640 h=480 batch=2 n=28 arm_us=0 wall_us=190915
FRAME path=68k-Z3 w=640 h=480 batch=2 n=29 arm_us=0 wall_us=190278
FRAME path=68k-Z3 w=640 h=480 batch=2 n=30 arm_us=0 wall_us=190635
FRAME path=68k-Z3 w=640 h=480 batch=2 n=31 arm_us=0 wall_us=193170
FRAME path=68k-Z3 w=640 h=480 batch=2 n=32 arm_us=0 wall_us=190203
FRAME path=68k-Z3 w=640 h=480 batch=2 n=33 arm_us=0 wall_us=191148
FRAME path=68k-Z3 w=640 h=480 batch=2 n=34 arm_us=0 wall_us=190191
FRAME path=68k-Z3 w=640 h=480 batch=2 n=35 arm_us=0 wall_us=190812
FRAME path=68k-Z3 w=640 h=480 batch=2 n=36 arm_us=0 wall_us=196842
FRAME path=68k-Z3 w=640 h=480 batch=2 n=37 arm_us=0 wall_us=194505
FRAME path=68k-Z3 w=640 h=480 batch=2 n=38 arm_us=0 wall_us=190309
FRAME path=68k-Z3 w=640 h=480 batch=2 n=39 arm_us=0 wall_us=190570
FRAME path=68k-Z3 w=640 h=480 batch=2 n=40 arm_us=0 wall_us=190742
FRAME path=68k-Z3 w=640 h=480 batch=3 n=41 arm_us=0 wall_us=192007
FRAME path=68k-Z3 w=640 h=480 batch=3 n=42 arm_us=0 wall_us=190254
FRAME path=68k-Z3 w=640 h=480 batch=3 n=43 arm_us=0 wall_us=189802
FRAME path=68k-Z3 w=640 h=480 batch=3 n=44 arm_us=0 wall_us=190620
FRAME path=68k-Z3 w=640 h=480 batch=3 n=45 arm_us=0 wall_us=193478
FRAME path=68k-Z3 w=640 h=480 batch=3 n=46 arm_us=0 wall_us=190783
FRAME path=68k-Z3 w=640 h=480 batch=3 n=47 arm_us=0 wall_us=189914
FRAME path=68k-Z3 w=640 h=480 batch=3 n=48 arm_us=0 wall_us=191160
FRAME path=68k-Z3 w=640 h=480 batch=3 n=49 arm_us=0 wall_us=196595
FRAME path=68k-Z3 w=640 h=480 batch=3 n=50 arm_us=0 wall_us=190228
FRAME path=68k-Z3 w=640 h=480 batch=3 n=51 arm_us=0 wall_us=191032
FRAME path=68k-Z3 w=640 h=480 batch=3 n=52 arm_us=0 wall_us=190528
FRAME path=68k-Z3 w=640 h=480 batch=3 n=53 arm_us=0 wall_us=193688
FRAME path=68k-Z3 w=640 h=480 batch=3 n=54 arm_us=0 wall_us=194547
FRAME path=68k-Z3 w=640 h=480 batch=3 n=55 arm_us=0 wall_us=190637
FRAME path=68k-Z3 w=640 h=480 batch=3 n=56 arm_us=0 wall_us=190305
FRAME path=68k-Z3 w=640 h=480 batch=3 n=57 arm_us=0 wall_us=190761
FRAME path=68k-Z3 w=640 h=480 batch=3 n=58 arm_us=0 wall_us=191783
FRAME path=68k-Z3 w=640 h=480 batch=3 n=59 arm_us=0 wall_us=191977
VERIFY path=68k-Z3 frame=60 mismatches=0
FRAME path=68k-Z3 w=640 h=480 batch=3 n=60 arm_us=0 wall_us=191608
FRAMEBUFFER_BENCH PASS; no decoding; no tear-free/vsync claim
EXIT epilogue=52455431 cache_echoes=0 rounds=0
LAUNCHER exit=0; owned memory released
