OWNED amiga=50000040 arm_candidate=101f0040 size=8388608 nonce=87d6fb41
BOOTSTRAP amiga=40c5bc80 arm=00e4bc80 (P96 allocated/locked)
MAP status=4d415031 SCTLR=08c50878 MIDR=413fc090 MPIDR=80000001
MAPPING PASS (eight nonce-derived words)
ARM ready=41524d31 SCTLR=08c51878 MIDR=413fc090 MPIDR=80000001
[CLIENT] process_daemon_msg type=24 data='arm_debug|S'
[CLIENT] process_daemon_msg type=24 data='arm_debug|R 00000001 0 60'
[CLIENT] process_daemon_msg type=24 data='arm_debug|R 00000001 60 60'
[CLIENT] process_daemon_msg type=24 data='arm_debug|R 00000001 c0 40'
[CLIENT] process_daemon_msg type=24 data='arm_debug|S'
[CLIENT] process_daemon_msg type=24 data='arm_debug|R 00000002 0 60'
[CLIENT] process_daemon_msg type=24 data='arm_debug|R 00000002 60 60'
[CLIENT] process_daemon_msg type=24 data='arm_debug|R 00000002 c0 40'
[CLIENT] process_daemon_msg type=24 data='arm_debug|W 87d6fb41 1 1 0 0 0'
[CLIENT] process_daemon_msg type=24 data='arm_debug|S'
[CLIENT] process_daemon_msg type=24 data='arm_debug|R 00000003 0 60'
[CLIENT] process_daemon_msg type=24 data='arm_debug|R 00000003 60 60'
[CLIENT] process_daemon_msg type=24 data='arm_debug|R 00000003 c0 40'
[CLIENT] process_daemon_msg type=24 data='arm_debug|S'
[CLIENT] process_daemon_msg type=24 data='arm_debug|R 00000004 0 60'
[CLIENT] process_daemon_msg type=24 data='arm_debug|R 00000004 60 60'
[CLIENT] process_daemon_msg type=24 data='arm_debug|R 00000004 c0 40'
[CLIENT] process_daemon_msg type=24 data='arm_debug|S'
[CLIENT] process_daemon_msg type=24 data='arm_debug|R 00000005 0 60'
[CLIENT] process_daemon_msg type=24 data='arm_debug|R 00000005 60 60'
[CLIENT] process_daemon_msg type=24 data='arm_debug|R 00000005 c0 40'
[CLIENT] process_daemon_msg type=24 data='arm_debug|W 87d6fb41 2 6 0 0 40'
[CLIENT] process_daemon_msg type=24 data='arm_debug|S'
[CLIENT] process_daemon_msg type=24 data='arm_debug|R 00000006 0 60'
[CLIENT] process_daemon_msg type=24 data='arm_debug|R 00000006 60 60'
[CLIENT] process_daemon_msg type=24 data='arm_debug|R 00000006 c0 40'
[CLIENT] process_daemon_msg type=24 data='video|quit'
VIDEO exit=0 frames=0
EXIT epilogue=52455431 cache_echoes=0 rounds=0
CACHE original=08c50878 running=08c51878 restored=08c50878
NEON cpacr=00f00000 fpexc=40000000 fpscr=00000000 mvfr0=10110222 mvfr1=01111111 witness=42 context_equal=1
LAUNCHER exit=0; owned memory released
