OWNED amiga=50000040 arm_candidate=101f0040 size=8388608 nonce=86eef794
BOOTSTRAP amiga=40c5bc80 arm=00e4bc80 (P96 allocated/locked)
MAP status=4d415031 SCTLR=08c50878 MIDR=413fc090 MPIDR=80000001
MAPPING PASS (eight nonce-derived words)
ARM ready=41524d31 SCTLR=08c51878 MIDR=413fc090 MPIDR=80000001
CLOCK estimated_hz=331880497 interval_ms=2014
INPUT path=RAM:ZZVideoNEON/bframes.mpg bytes=124928 hash=f0f57418
OPEN width=320 height=240 fps=25/1
FRAME 1 hash=ff1bebd9 ticks=0:046491be retries=0
STAGES frame=1 decode=0:0338f591 colour=0:012b9029 hash=0:00ad3cda
FRAME 2 hash=1a5b7c00 ticks=0:023968f9 retries=0
STAGES frame=2 decode=0:010e241c colour=0:012b38dc hash=0:00abfcc0
FRAME 3 hash=bb91d6fc ticks=0:02208db9 retries=0
STAGES frame=3 decode=0:00f55885 colour=0:012b2906 hash=0:00ac0d5e
FRAME 4 hash=def6d8d6 ticks=0:0280bc2c retries=0
STAGES frame=4 decode=0:0155b056 colour=0:012affca hash=0:00ac1524
FRAME 5 hash=a478c0ad ticks=0:025d8b85 retries=0
STAGES frame=5 decode=0:0132b758 colour=0:012ac84d hash=0:00ac0127
FRAME 6 hash=e026bf5f ticks=0:02547d01 retries=0
STAGES frame=6 decode=0:0129aca6 colour=0:012ac45b hash=0:00abfb26
FRAME 7 hash=0abc99cc ticks=0:028bd107 retries=0
STAGES frame=7 decode=0:01605710 colour=0:012b6e16 hash=0:00ac911f
FRAME 8 hash=67ab491c ticks=0:021bb80d retries=0
STAGES frame=8 decode=0:00ef1baf colour=0:012c903c hash=0:00abff1b
FRAME 9 hash=453cf64c ticks=0:02130bd4 retries=0
STAGES frame=9 decode=0:00e56fc4 colour=0:012d8ffe hash=0:00acb083
FRAME 10 hash=a6d7b831 ticks=0:032b8280 retries=0
STAGES frame=10 decode=0:02011e1d colour=0:012a5865 hash=0:00ad4c79
FRAME 11 hash=bb158e49 ticks=0:025ff8d1 retries=0
STAGES frame=11 decode=0:0134ccc3 colour=0:012b1f20 hash=0:00ac4570
FRAME 12 hash=77bcd6c0 ticks=0:02560c1e retries=0
STAGES frame=12 decode=0:012ae504 colour=0:012b1b3e hash=0:00ac06d9
FRAME 13 hash=18149129 ticks=0:02933224 retries=0
STAGES frame=13 decode=0:01683d7c colour=0:012ae8c5 hash=0:00ac0476
FRAME 14 hash=8f6bdf63 ticks=0:02301ff6 retries=0
STAGES frame=14 decode=0:01052d7b colour=0:012ae68f hash=0:00abfce3
FRAME 15 hash=529a1629 ticks=0:021c31e9 retries=0
STAGES frame=15 decode=0:00f17f1b colour=0:012aa6e8 hash=0:00ac09f7
FRAME 16 hash=da50a3d9 ticks=0:02625978 retries=0
STAGES frame=16 decode=0:013791ed colour=0:012abb96 hash=0:00ac0a6f
FRAME 17 hash=faf35abb ticks=0:024133c0 retries=0
STAGES frame=17 decode=0:0115bbf6 colour=0:012b6be8 hash=0:00ac02ad
FRAME 18 hash=fdb783b1 ticks=0:0240dc2e retries=0
STAGES frame=18 decode=0:01157516 colour=0:012b5b2d hash=0:00abfa76
FRAME 19 hash=e6283d7d ticks=0:028c724c retries=0
STAGES frame=19 decode=0:0162051f colour=0:012a6136 hash=0:00ac0a50
FRAME 20 hash=24687800 ticks=0:02159cf3 retries=0
STAGES frame=20 decode=0:00e7de21 colour=0:012db2a3 hash=0:00ac06aa
FRAME 21 hash=1987bab0 ticks=0:021c178f retries=0
STAGES frame=21 decode=0:00f0cd52 colour=0:012b3e1c hash=0:00ac00f7
FRAME 22 hash=fc6b52be ticks=0:031112c2 retries=0
STAGES frame=22 decode=0:01e4ee1e colour=0:012c18ad hash=0:00ad5dc7
FRAME 23 hash=105f295c ticks=0:025b7250 retries=0
STAGES frame=23 decode=0:0130adf0 colour=0:012ab7d0 hash=0:00abfea0
FRAME 24 hash=aa40a7b9 ticks=0:025a5833 retries=0
STAGES frame=24 decode=0:012fa018 colour=0:012aac0a hash=0:00ad190b
FRAME 25 hash=a80dbf74 ticks=0:012e00cd retries=0
STAGES frame=25 decode=0:0000045e colour=0:012deb90 hash=0:00ad932e
EOF frames=25 elapsed_ms=11430 decode_ticks=0:3c045bc2 draw_ms=2182 retries=0 clock_hz=331880497
PROFILE decode=0:1ec5d70e colour=0:1d3d5283 hash=0:10d45f5b copy_ms=2859 host_hash_ms=2162
VIDEO exit=0 frames=25
EXIT epilogue=52455431 cache_echoes=0 rounds=0
CACHE original=08c50878 running=08c51878 restored=08c50878
NEON cpacr=00f00000 fpexc=40000000 fpscr=00000000 mvfr0=10110222 mvfr1=01111111 witness=42 context_equal=1
LAUNCHER exit=0; owned memory released
