OWNED amiga=50000040 arm_candidate=101f0040 size=8388608 nonce=86eee3e5
BOOTSTRAP amiga=40c5bc80 arm=00e4bc80 (P96 allocated/locked)
MAP status=4d415031 SCTLR=08c50878 MIDR=413fc090 MPIDR=80000001
MAPPING PASS (eight nonce-derived words)
ARM ready=41524d31 SCTLR=08c51878 MIDR=413fc090 MPIDR=80000001
CLOCK estimated_hz=334322962 interval_ms=2010
INPUT path=RAM:ZZVideoNEON/bframes.mpg bytes=124928 hash=b8cfcce7
OPEN width=320 height=240 fps=25/1
FRAME 1 hash=ff1bebd9 ticks=0:0465a35b retries=1
STAGES frame=1 decode=0:033a57eb colour=0:012b3f54 hash=0:00ad1716
FRAME 2 hash=1a5b7c00 ticks=0:0238383f retries=1
STAGES frame=2 decode=0:010cf59c colour=0:012b36a3 hash=0:00abfb35
FRAME 3 hash=bb91d6fc ticks=0:0220c221 retries=1
STAGES frame=3 decode=0:00f580d1 colour=0:012b3193 hash=0:00ac1400
FRAME 4 hash=def6d8d6 ticks=0:0282f41e retries=1
STAGES frame=4 decode=0:01574b60 colour=0:012b9a8f hash=0:00abff8e
FRAME 5 hash=a478c0ad ticks=0:025c969e retries=1
STAGES frame=5 decode=0:0131ae37 colour=0:012adc67 hash=0:00ac05dd
FRAME 6 hash=e026bf5f ticks=0:02547e54 retries=1
STAGES frame=6 decode=0:0129ae29 colour=0:012ac405 hash=0:00ac0a0e
FRAME 7 hash=0abc99cc ticks=0:028a76d8 retries=1
STAGES frame=7 decode=0:015e69ab colour=0:012c0145 hash=0:00abfa68
FRAME 8 hash=67ab491c ticks=0:021d1ed9 retries=1
STAGES frame=8 decode=0:00f09103 colour=0:012c81d3 hash=0:00ac07f1
FRAME 9 hash=453cf64c ticks=0:02122447 retries=1
STAGES frame=9 decode=0:00e6b280 colour=0:012b65d4 hash=0:00abfe58
FRAME 10 hash=a6d7b831 ticks=0:032cb406 retries=1
STAGES frame=10 decode=0:02025296 colour=0:012a552e hash=0:00ad5c62
FRAME 11 hash=bb158e49 ticks=0:026061dc retries=1
STAGES frame=11 decode=0:01351e41 colour=0:012b3756 hash=0:00ac5140
FRAME 12 hash=77bcd6c0 ticks=0:0255fe26 retries=1
STAGES frame=12 decode=0:012a0499 colour=0:012bedab hash=0:00ac8500
FRAME 13 hash=18149129 ticks=0:02947ca1 retries=1
STAGES frame=13 decode=0:016974ad colour=0:012afbee hash=0:00ac07ab
FRAME 14 hash=8f6bdf63 ticks=0:023166f1 retries=1
STAGES frame=14 decode=0:010686df colour=0:012acfd0 hash=0:00ac02ea
FRAME 15 hash=529a1629 ticks=0:021c99df retries=1
STAGES frame=15 decode=0:00f1c0c6 colour=0:012accd7 hash=0:00ac11a1
FRAME 16 hash=da50a3d9 ticks=0:026191fc retries=1
STAGES frame=16 decode=0:0136c1e5 colour=0:012ac35f hash=0:00ac061e
FRAME 17 hash=faf35abb ticks=0:0240844d retries=1
STAGES frame=17 decode=0:01150c1d colour=0:012b6c28 hash=0:00ac04ec
FRAME 18 hash=fdb783b1 ticks=0:024038c5 retries=1
STAGES frame=18 decode=0:0114c848 colour=0:012b6490 hash=0:00abfcde
FRAME 19 hash=e6283d7d ticks=0:028d8d96 retries=1
STAGES frame=19 decode=0:01631e24 colour=0:012a6316 hash=0:00abfe4d
FRAME 20 hash=24687800 ticks=0:0212df68 retries=1
STAGES frame=20 decode=0:00e7a23f colour=0:012b3121 hash=0:00ac0951
FRAME 21 hash=1987bab0 ticks=0:021bee05 retries=1
STAGES frame=21 decode=0:00f0a55a colour=0:012b3cca hash=0:00ae5d4c
FRAME 22 hash=fc6b52be ticks=0:0311345c retries=1
STAGES frame=22 decode=0:01e5a26f colour=0:012b85ef hash=0:00adb3bf
FRAME 23 hash=105f295c ticks=0:025efe34 retries=1
STAGES frame=23 decode=0:013302f0 colour=0:012bef0b hash=0:00ac73d6
FRAME 24 hash=aa40a7b9 ticks=0:025b8078 retries=1
STAGES frame=24 decode=0:0130b0e4 colour=0:012ac3a8 hash=0:00ac0990
FRAME 25 hash=a80dbf74 ticks=0:012c7960 retries=1
STAGES frame=25 decode=0:00000445 colour=0:012c6881 hash=0:00abfab8
EOF frames=25 elapsed_ms=11357 decode_ticks=0:3c08c8b5 draw_ms=2186 retries=1 clock_hz=334322962
PROFILE decode=0:1ecdab97 colour=0:1d39e470 hash=0:10d41dfc copy_ms=2831 host_hash_ms=2160
VIDEO exit=0 frames=25
EXIT epilogue=52455431 cache_echoes=0 rounds=0
CACHE original=08c50878 running=08c51878 restored=08c50878
NEON cpacr=00f00000 fpexc=40000000 fpscr=00000000 mvfr0=10110222 mvfr1=01111111 witness=42 context_equal=1
LAUNCHER exit=0; owned memory released
