OWNED amiga=50000040 arm_candidate=101f0040 size=8388608 nonce=86e843e7
BOOTSTRAP amiga=40c5bc80 arm=00e4bc80 (P96 allocated/locked)
MAP status=4d415031 SCTLR=08c50878 MIDR=413fc090 MPIDR=80000001
MAPPING PASS (eight nonce-derived words)
ARM ready=41524d31 SCTLR=08c50878 MIDR=413fc090 MPIDR=80000001
CLOCK estimated_hz=333519282 interval_ms=2005
INPUT path=RAM:ZZVideoPerf/small.mpg bytes=63488 hash=04b8a45d
OPEN width=160 height=128 fps=25/1
FRAME 1 hash=edb3c81c ticks=0:01f57978 retries=0
STAGES frame=1 decode=0:01aab5c4 colour=0:004ab619 hash=0:002dce53
FRAME 2 hash=04c585d0 ticks=0:00ebf854 retries=0
STAGES frame=2 decode=0:00a10d84 colour=0:004adcf2 hash=0:002dc5e0
FRAME 3 hash=a0d9128f ticks=0:00fb9ade retries=0
STAGES frame=3 decode=0:00afb6ad colour=0:004bd60d hash=0:002fcb86
FRAME 4 hash=f9cb0169 ticks=0:00e791cd retries=0
STAGES frame=4 decode=0:009e1125 colour=0:004972eb hash=0:002ef7c9
FRAME 5 hash=08b29ca6 ticks=0:00e7ab96 retries=0
STAGES frame=5 decode=0:009d7215 colour=0:004a2bc6 hash=0:002dede5
FRAME 6 hash=ee9332f4 ticks=0:00e4f7f1 retries=0
STAGES frame=6 decode=0:009a9824 colour=0:004a5270 hash=0:002dd634
FRAME 7 hash=3256cbaf ticks=0:010b890f retries=0
STAGES frame=7 decode=0:00c1a267 colour=0:0049d70b hash=0:002dd142
FRAME 8 hash=edf0a4af ticks=0:00ef06c5 retries=0
STAGES frame=8 decode=0:00a4cb2d colour=0:004a2e7d hash=0:002df147
FRAME 9 hash=0f7fbe8d ticks=0:00e45e5a retries=0
STAGES frame=9 decode=0:0099fd40 colour=0:004a5382 hash=0:002dd31d
FRAME 10 hash=1979fe6f ticks=0:00e4439d retries=0
STAGES frame=10 decode=0:009882c0 colour=0:004bb391 hash=0:002ded58
FRAME 11 hash=879b8df7 ticks=0:00f7cabc retries=0
STAGES frame=11 decode=0:00ad86d1 colour=0:004a363c hash=0:002ece5d
FRAME 12 hash=1f10f228 ticks=0:014ac44a retries=0
STAGES frame=12 decode=0:01006946 colour=0:004a4d69 hash=0:002dc873
FRAME 13 hash=60eb31e7 ticks=0:010027f2 retries=0
STAGES frame=13 decode=0:00b619d2 colour=0:0049febd hash=0:002dd58f
FRAME 14 hash=89ab4c0d ticks=0:00ed111d retries=0
STAGES frame=14 decode=0:00a2ddb1 colour=0:004a25a4 hash=0:002df060
FRAME 15 hash=f20d6191 ticks=0:010f78e5 retries=0
STAGES frame=15 decode=0:00c522c5 colour=0:004a485f hash=0:002df596
FRAME 16 hash=b65dc466 ticks=0:00e4821a retries=0
STAGES frame=16 decode=0:0099c4aa colour=0:004aafa4 hash=0:002df029
FRAME 17 hash=24d9fb64 ticks=0:00dc6d11 retries=0
STAGES frame=17 decode=0:009148e3 colour=0:004b1672 hash=0:002f9722
FRAME 18 hash=45362900 ticks=0:00e2338e retries=0
STAGES frame=18 decode=0:0097ca57 colour=0:004a5c0e hash=0:002dcc8e
FRAME 19 hash=ea545842 ticks=0:0104db41 retries=0
STAGES frame=19 decode=0:00ba15e5 colour=0:004ab3ea hash=0:002dee8c
FRAME 20 hash=810bbece ticks=0:00f4bf20 retries=0
STAGES frame=20 decode=0:00aa81d8 colour=0:004a2cf3 hash=0:002df1df
FRAME 21 hash=d9d9bd10 ticks=0:00e6fcd1 retries=0
STAGES frame=21 decode=0:009c9866 colour=0:004a56b4 hash=0:002dd7f6
FRAME 22 hash=74881798 ticks=0:00e4c2ed retries=0
STAGES frame=22 decode=0:009a476d colour=0:004a6ad0 hash=0:002df191
FRAME 23 hash=a9c13006 ticks=0:0100cb0b retries=0
STAGES frame=23 decode=0:00b5d979 colour=0:004ae224 hash=0:002dd177
FRAME 24 hash=63b2afa2 ticks=0:0159ac77 retries=0
STAGES frame=24 decode=0:010e1429 colour=0:004b874c hash=0:002def55
FRAME 25 hash=1608be79 ticks=0:0049a478 retries=0
STAGES frame=25 decode=0:0000050d colour=0:00499155 hash=0:002def7f
EOF frames=25 elapsed_ms=3645 decode_ticks=0:18a04d95 draw_ms=616 retries=0 clock_hz=333519282
PROFILE decode=0:1158cf69 colour=0:07461683 hash=0:04809f04 copy_ms=739 host_hash_ms=573
VIDEO exit=0 frames=25
EXIT epilogue=52455431 cache_echoes=0 rounds=0
CACHE original=08c50878 running=08c50878 restored=08c50878
LAUNCHER exit=0; owned memory released
