OWNED amiga=50000040 arm_candidate=101f0040 size=8388608 nonce=86e9dbfd
BOOTSTRAP amiga=40c5bc80 arm=00e4bc80 (P96 allocated/locked)
MAP status=4d415031 SCTLR=08c50878 MIDR=413fc090 MPIDR=80000001
MAPPING PASS (eight nonce-derived words)
ARM ready=41524d31 SCTLR=08c51878 MIDR=413fc090 MPIDR=80000001
[CLIENT] process_daemon_msg type=24 data='arm_debug|S'
[CLIENT] process_daemon_msg type=24 data='arm_debug|R 00000001 0 60'
[CLIENT] process_daemon_msg type=24 data='arm_debug|R 00000001 60 60'
[CLIENT] process_daemon_msg type=24 data='arm_debug|R 00000001 c0 40'
[CLIENT] process_daemon_msg type=24 data='arm_debug|S'
[CLIENT] process_daemon_msg type=24 data='arm_debug|R 00000002 0 60'
[CLIENT] process_daemon_msg type=24 data='arm_debug|R 00000002 60 60'
[CLIENT] process_daemon_msg type=24 data='arm_debug|R 00000002 c0 40'
CLOCK estimated_hz=331701785 interval_ms=2010
[CLIENT] process_daemon_msg type=24 data='arm_debug|W 86e9dbfd 1 1 0 0 0'
INPUT path=RAM:ZZVideoPerf/bframes.mpg bytes=124928 hash=b38fa57a
[CLIENT] process_daemon_msg type=24 data='arm_debug|S'
[CLIENT] process_daemon_msg type=24 data='arm_debug|R 00000003 0 60'
[CLIENT] process_daemon_msg type=24 data='arm_debug|R 00000003 60 60'
[CLIENT] process_daemon_msg type=24 data='arm_debug|R 00000003 c0 40'
[CLIENT] process_daemon_msg type=24 data='arm_debug|S'
[CLIENT] process_daemon_msg type=24 data='arm_debug|R 00000004 0 60'
[CLIENT] process_daemon_msg type=24 data='arm_debug|R 00000004 60 60'
[CLIENT] process_daemon_msg type=24 data='arm_debug|R 00000004 c0 40'
[CLIENT] process_daemon_msg type=24 data='arm_debug|S'
[CLIENT] process_daemon_msg type=24 data='arm_debug|R 00000005 0 60'
[CLIENT] process_daemon_msg type=24 data='arm_debug|R 00000005 60 60'
[CLIENT] process_daemon_msg type=24 data='arm_debug|R 00000005 c0 40'
[CLIENT] process_daemon_msg type=24 data='arm_debug|W 86e9dbfd 2 6 0 0 40'
[CLIENT] process_daemon_msg type=24 data='arm_debug|S'
[CLIENT] process_daemon_msg type=24 data='arm_debug|R 00000006 0 60'
[CLIENT] process_daemon_msg type=24 data='arm_debug|R 00000006 60 60'
[CLIENT] process_daemon_msg type=24 data='arm_debug|R 00000006 c0 40'
[CLIENT] process_daemon_msg type=24 data='video|quit'
VIDEO exit=0 frames=0
EXIT epilogue=52455431 cache_echoes=0 rounds=0
CACHE original=08c50878 running=08c51878 restored=08c50878
LAUNCHER exit=0; owned memory released
