OWNED amiga=50000040 arm_candidate=101f0040 size=131072 nonce=532ba59b
BOOTSTRAP amiga=40c52800 arm=00e42800 (P96 allocated/locked)
MAP status=4d415031 SCTLR=08c50878 MIDR=413fc090 MPIDR=80000001
MAPPING PASS (eight nonce-derived words)
ARM ready=41524d31 SCTLR=08c50878 MIDR=413fc090 MPIDR=80000001
TIMER ticks_per_second=333326829 span_us=1014070 uncertainty_us=485 control=00000001 read_only=1
SDL_FRACTAL mode=ARM hash=fb32f6c6 elapsed_us=7574926 cpu_us=0 arm_us_est=2893928 transfer_us=94422 colour_us=37654 draw_us=745144 roundtrip_us=7309631 rate=333326829 cx=-12288 cy=0 step=153 limit=128
[CLIENT] process_daemon_msg type=24 data='sdlfractal|automation on'
[CLIENT] process_daemon_msg type=24 data='sdlfractal|screen 16'
SCREEN request_storage=16 mode=50041102 mode_depth=16 width=640 height=480
SCREEN bitmap_depth=16 bytes_per_pixel=2 format=5
[CLIENT] process_daemon_msg type=24 data='sdlfractal|pixels'
[CLIENT] process_daemon_msg type=24 data='sdlfractal|screen 32'
SCREEN request_storage=32 mode=50041303 mode_depth=32 width=640 height=480
SCREEN bitmap_depth=32 bytes_per_pixel=4 format=12
[CLIENT] process_daemon_msg type=24 data='sdlfractal|pixels'
[CLIENT] process_daemon_msg type=24 data='sdlfractal|screen 0'
[CLIENT] process_daemon_msg type=24 data='sdlfractal|automation on'
[CLIENT] process_daemon_msg type=24 data='sdlfractal|status'
[CLIENT] process_daemon_msg type=24 data='sdlfractal|save'
[CLIENT] process_daemon_msg type=24 data='sdlfractal|metrics'
[CLIENT] process_daemon_msg type=24 data='sdlfractal|metrics'
[CLIENT] process_daemon_msg type=24 data='sdlfractal|metrics'
[CLIENT] process_daemon_msg type=24 data='sdlfractal|cpu'
[CLIENT] process_daemon_msg type=24 data='sdlfractal|status'
[CLIENT] process_daemon_msg type=24 data='sdlfractal|status'
[CLIENT] process_daemon_msg type=24 data='sdlfractal|status'
[CLIENT] process_daemon_msg type=24 data='sdlfractal|status'
[CLIENT] process_daemon_msg type=24 data='sdlfractal|status'
[CLIENT] process_daemon_msg type=24 data='sdlfractal|status'
[CLIENT] process_daemon_msg type=24 data='sdlfractal|status'
[CLIENT] process_daemon_msg type=24 data='sdlfractal|status'
[CLIENT] process_daemon_msg type=24 data='sdlfractal|status'
[CLIENT] process_daemon_msg type=24 data='sdlfractal|status'
[CLIENT] process_daemon_msg type=24 data='sdlfractal|status'
[CLIENT] process_daemon_msg type=24 data='sdlfractal|status'
[CLIENT] process_daemon_msg type=24 data='sdlfractal|status'
[CLIENT] process_daemon_msg type=24 data='sdlfractal|status'
[CLIENT] process_daemon_msg type=24 data='sdlfractal|status'
[CLIENT] process_daemon_msg type=24 data='sdlfractal|status'
[CLIENT] process_daemon_msg type=24 data='sdlfractal|status'
[CLIENT] process_daemon_msg type=24 data='sdlfractal|status'
[CLIENT] process_daemon_msg type=24 data='sdlfractal|status'
[CLIENT] process_daemon_msg type=24 data='sdlfractal|status'
[CLIENT] process_daemon_msg type=24 data='sdlfractal|status'
[CLIENT] process_daemon_msg type=24 data='sdlfractal|status'
[CLIENT] process_daemon_msg type=24 data='sdlfractal|status'
[CLIENT] process_daemon_msg type=24 data='sdlfractal|status'
[CLIENT] process_daemon_msg type=24 data='sdlfractal|status'
[CLIENT] process_daemon_msg type=24 data='sdlfractal|status'
SDL_FRACTAL mode=CPU hash=fb32f6c6 elapsed_us=17426967 cpu_us=2232674 arm_us_est=0 transfer_us=0 colour_us=39019 draw_us=1477559 roundtrip_us=0 rate=333326829 cx=-12288 cy=0 step=153 limit=128
[CLIENT] process_daemon_msg type=24 data='sdlfractal|status'
[CLIENT] process_daemon_msg type=24 data='sdlfractal|save'
[CLIENT] process_daemon_msg type=24 data='sdlfractal|metrics'
[CLIENT] process_daemon_msg type=24 data='sdlfractal|zoom 160 120'
[CLIENT] process_daemon_msg type=24 data='sdlfractal|status'
[CLIENT] process_daemon_msg type=24 data='sdlfractal|status'
[CLIENT] process_daemon_msg type=24 data='sdlfractal|status'
[CLIENT] process_daemon_msg type=24 data='sdlfractal|status'
[CLIENT] process_daemon_msg type=24 data='sdlfractal|status'
[CLIENT] process_daemon_msg type=24 data='sdlfractal|status'
[CLIENT] process_daemon_msg type=24 data='sdlfractal|status'
[CLIENT] process_daemon_msg type=24 data='sdlfractal|status'
[CLIENT] process_daemon_msg type=24 data='sdlfractal|status'
[CLIENT] process_daemon_msg type=24 data='sdlfractal|status'
[CLIENT] process_daemon_msg type=24 data='sdlfractal|status'
[CLIENT] process_daemon_msg type=24 data='sdlfractal|status'
[CLIENT] process_daemon_msg type=24 data='sdlfractal|status'
[CLIENT] process_daemon_msg type=24 data='sdlfractal|status'
[CLIENT] process_daemon_msg type=24 data='sdlfractal|status'
[CLIENT] process_daemon_msg type=24 data='sdlfractal|status'
[CLIENT] process_daemon_msg type=24 data='sdlfractal|status'
[CLIENT] process_daemon_msg type=24 data='sdlfractal|status'
[CLIENT] process_daemon_msg type=24 data='sdlfractal|status'
[CLIENT] process_daemon_msg type=24 data='sdlfractal|status'
[CLIENT] process_daemon_msg type=24 data='sdlfractal|status'
[CLIENT] process_daemon_msg type=24 data='sdlfractal|status'
[CLIENT] process_daemon_msg type=24 data='sdlfractal|status'
[CLIENT] process_daemon_msg type=24 data='sdlfractal|status'
[CLIENT] process_daemon_msg type=24 data='sdlfractal|status'
[CLIENT] process_daemon_msg type=24 data='sdlfractal|status'
[CLIENT] process_daemon_msg type=24 data='sdlfractal|status'
[CLIENT] process_daemon_msg type=24 data='sdlfractal|status'
[CLIENT] process_daemon_msg type=24 data='sdlfractal|status'
[CLIENT] process_daemon_msg type=24 data='sdlfractal|status'
[CLIENT] process_daemon_msg type=24 data='sdlfractal|status'
[CLIENT] process_daemon_msg type=24 data='sdlfractal|status'
[CLIENT] process_daemon_msg type=24 data='sdlfractal|status'
[CLIENT] process_daemon_msg type=24 data='sdlfractal|status'
[CLIENT] process_daemon_msg type=24 data='sdlfractal|status'
[CLIENT] process_daemon_msg type=24 data='sdlfractal|status'
[CLIENT] process_daemon_msg type=24 data='sdlfractal|status'
[CLIENT] process_daemon_msg type=24 data='sdlfractal|status'
[CLIENT] process_daemon_msg type=24 data='sdlfractal|status'
[CLIENT] process_daemon_msg type=24 data='sdlfractal|status'
[CLIENT] process_daemon_msg type=24 data='sdlfractal|status'
[CLIENT] process_daemon_msg type=24 data='sdlfractal|status'
[CLIENT] process_daemon_msg type=24 data='sdlfractal|status'
[CLIENT] process_daemon_msg type=24 data='sdlfractal|status'
[CLIENT] process_daemon_msg type=24 data='sdlfractal|status'
[CLIENT] process_daemon_msg type=24 data='sdlfractal|status'
[CLIENT] process_daemon_msg type=24 data='sdlfractal|status'
[CLIENT] process_daemon_msg type=24 data='sdlfractal|status'
[CLIENT] process_daemon_msg type=24 data='sdlfractal|status'
[CLIENT] process_daemon_msg type=24 data='sdlfractal|status'
[CLIENT] process_daemon_msg type=24 data='sdlfractal|status'
[CLIENT] process_daemon_msg type=24 data='sdlfractal|status'
[CLIENT] process_daemon_msg type=24 data='sdlfractal|status'
[CLIENT] process_daemon_msg type=24 data='sdlfractal|status'
SDL_FRACTAL mode=CPU hash=a0004522 elapsed_us=34717536 cpu_us=5164492 arm_us_est=0 transfer_us=0 colour_us=39059 draw_us=2819132 roundtrip_us=0 rate=333326829 cx=-12288 cy=0 step=76 limit=128
[CLIENT] process_daemon_msg type=24 data='sdlfractal|status'
[CLIENT] process_daemon_msg type=24 data='sdlfractal|save'
[CLIENT] process_daemon_msg type=24 data='sdlfractal|metrics'
[CLIENT] process_daemon_msg type=24 data='sdlfractal|arm'
[CLIENT] process_daemon_msg type=24 data='sdlfractal|status'
[CLIENT] process_daemon_msg type=24 data='sdlfractal|status'
[CLIENT] process_daemon_msg type=24 data='sdlfractal|status'
[CLIENT] process_daemon_msg type=24 data='sdlfractal|status'
[CLIENT] process_daemon_msg type=24 data='sdlfractal|status'
[CLIENT] process_daemon_msg type=24 data='sdlfractal|status'
[CLIENT] process_daemon_msg type=24 data='sdlfractal|status'
[CLIENT] process_daemon_msg type=24 data='sdlfractal|status'
[CLIENT] process_daemon_msg type=24 data='sdlfractal|status'
[CLIENT] process_daemon_msg type=24 data='sdlfractal|status'
[CLIENT] process_daemon_msg type=24 data='sdlfractal|status'
[CLIENT] process_daemon_msg type=24 data='sdlfractal|status'
[CLIENT] process_daemon_msg type=24 data='sdlfractal|status'
[CLIENT] process_daemon_msg type=24 data='sdlfractal|status'
[CLIENT] process_daemon_msg type=24 data='sdlfractal|status'
[CLIENT] process_daemon_msg type=24 data='sdlfractal|status'
[CLIENT] process_daemon_msg type=24 data='sdlfractal|status'
[CLIENT] process_daemon_msg type=24 data='sdlfractal|status'
SDL_FRACTAL mode=ARM hash=a0004522 elapsed_us=11438340 cpu_us=0 arm_us_est=6670854 transfer_us=112065 colour_us=37472 draw_us=984831 roundtrip_us=11188845 rate=333326829 cx=-12288 cy=0 step=76 limit=128
[CLIENT] process_daemon_msg type=24 data='sdlfractal|status'
[CLIENT] process_daemon_msg type=24 data='sdlfractal|save'
[CLIENT] process_daemon_msg type=24 data='sdlfractal|metrics'
[CLIENT] process_daemon_msg type=24 data='sdlfractal|pan 1 0'
[CLIENT] process_daemon_msg type=24 data='sdlfractal|status'
[CLIENT] process_daemon_msg type=24 data='sdlfractal|status'
[CLIENT] process_daemon_msg type=24 data='sdlfractal|status'
[CLIENT] process_daemon_msg type=24 data='sdlfractal|status'
[CLIENT] process_daemon_msg type=24 data='sdlfractal|status'
[CLIENT] process_daemon_msg type=24 data='sdlfractal|status'
[CLIENT] process_daemon_msg type=24 data='sdlfractal|status'
[CLIENT] process_daemon_msg type=24 data='sdlfractal|status'
[CLIENT] process_daemon_msg type=24 data='sdlfractal|status'
[CLIENT] process_daemon_msg type=24 data='sdlfractal|status'
[CLIENT] process_daemon_msg type=24 data='sdlfractal|status'
[CLIENT] process_daemon_msg type=24 data='sdlfractal|status'
[CLIENT] process_daemon_msg type=24 data='sdlfractal|status'
[CLIENT] process_daemon_msg type=24 data='sdlfractal|status'
[CLIENT] process_daemon_msg type=24 data='sdlfractal|status'
[CLIENT] process_daemon_msg type=24 data='sdlfractal|status'
[CLIENT] process_daemon_msg type=24 data='sdlfractal|status'
[CLIENT] process_daemon_msg type=24 data='sdlfractal|status'
[CLIENT] process_daemon_msg type=24 data='sdlfractal|status'
[CLIENT] process_daemon_msg type=24 data='sdlfractal|status'
SDL_FRACTAL mode=ARM hash=a1f72ed7 elapsed_us=13564827 cpu_us=0 arm_us_est=8599204 transfer_us=118693 colour_us=37645 draw_us=1154254 roundtrip_us=13314053 rate=333326829 cx=-6208 cy=0 step=76 limit=128
[CLIENT] process_daemon_msg type=24 data='sdlfractal|status'
[CLIENT] process_daemon_msg type=24 data='sdlfractal|save'
[CLIENT] process_daemon_msg type=24 data='sdlfractal|metrics'
[CLIENT] process_daemon_msg type=24 data='sdlfractal|iterations 64'
[CLIENT] process_daemon_msg type=24 data='sdlfractal|status'
[CLIENT] process_daemon_msg type=24 data='sdlfractal|status'
[CLIENT] process_daemon_msg type=24 data='sdlfractal|status'
[CLIENT] process_daemon_msg type=24 data='sdlfractal|status'
[CLIENT] process_daemon_msg type=24 data='sdlfractal|status'
[CLIENT] process_daemon_msg type=24 data='sdlfractal|status'
[CLIENT] process_daemon_msg type=24 data='sdlfractal|status'
[CLIENT] process_daemon_msg type=24 data='sdlfractal|status'
[CLIENT] process_daemon_msg type=24 data='sdlfractal|status'
[CLIENT] process_daemon_msg type=24 data='sdlfractal|status'
[CLIENT] process_daemon_msg type=24 data='sdlfractal|status'
[CLIENT] process_daemon_msg type=24 data='sdlfractal|status'
SDL_FRACTAL mode=ARM hash=91fd5f25 elapsed_us=9312473 cpu_us=0 arm_us_est=4493081 transfer_us=102289 colour_us=37458 draw_us=824956 roundtrip_us=9062475 rate=333326829 cx=-6208 cy=0 step=76 limit=64
[CLIENT] process_daemon_msg type=24 data='sdlfractal|status'
[CLIENT] process_daemon_msg type=24 data='sdlfractal|save'
[CLIENT] process_daemon_msg type=24 data='sdlfractal|metrics'
[CLIENT] process_daemon_msg type=24 data='sdlfractal|cpu'
[CLIENT] process_daemon_msg type=24 data='sdlfractal|status'
[CLIENT] process_daemon_msg type=24 data='sdlfractal|status'
[CLIENT] process_daemon_msg type=24 data='sdlfractal|status'
[CLIENT] process_daemon_msg type=24 data='sdlfractal|status'
[CLIENT] process_daemon_msg type=24 data='sdlfractal|status'
[CLIENT] process_daemon_msg type=24 data='sdlfractal|status'
[CLIENT] process_daemon_msg type=24 data='sdlfractal|status'
[CLIENT] process_daemon_msg type=24 data='sdlfractal|status'
[CLIENT] process_daemon_msg type=24 data='sdlfractal|status'
[CLIENT] process_daemon_msg type=24 data='sdlfractal|status'
[CLIENT] process_daemon_msg type=24 data='sdlfractal|status'
[CLIENT] process_daemon_msg type=24 data='sdlfractal|status'
[CLIENT] process_daemon_msg type=24 data='sdlfractal|status'
[CLIENT] process_daemon_msg type=24 data='sdlfractal|status'
[CLIENT] process_daemon_msg type=24 data='sdlfractal|status'
[CLIENT] process_daemon_msg type=24 data='sdlfractal|status'
[CLIENT] process_daemon_msg type=24 data='sdlfractal|status'
[CLIENT] process_daemon_msg type=24 data='sdlfractal|status'
[CLIENT] process_daemon_msg type=24 data='sdlfractal|status'
[CLIENT] process_daemon_msg type=24 data='sdlfractal|status'
[CLIENT] process_daemon_msg type=24 data='sdlfractal|status'
[CLIENT] process_daemon_msg type=24 data='sdlfractal|status'
[CLIENT] process_daemon_msg type=24 data='sdlfractal|status'
[CLIENT] process_daemon_msg type=24 data='sdlfractal|status'
[CLIENT] process_daemon_msg type=24 data='sdlfractal|status'
[CLIENT] process_daemon_msg type=24 data='sdlfractal|status'
[CLIENT] process_daemon_msg type=24 data='sdlfractal|status'
[CLIENT] process_daemon_msg type=24 data='sdlfractal|status'
[CLIENT] process_daemon_msg type=24 data='sdlfractal|status'
[CLIENT] process_daemon_msg type=24 data='sdlfractal|status'
[CLIENT] process_daemon_msg type=24 data='sdlfractal|status'
[CLIENT] process_daemon_msg type=24 data='sdlfractal|status'
[CLIENT] process_daemon_msg type=24 data='sdlfractal|status'
[CLIENT] process_daemon_msg type=24 data='sdlfractal|status'
[CLIENT] process_daemon_msg type=24 data='sdlfractal|status'
[CLIENT] process_daemon_msg type=24 data='sdlfractal|status'
[CLIENT] process_daemon_msg type=24 data='sdlfractal|status'
[CLIENT] process_daemon_msg type=24 data='sdlfractal|status'
[CLIENT] process_daemon_msg type=24 data='sdlfractal|status'
[CLIENT] process_daemon_msg type=24 data='sdlfractal|status'
SDL_FRACTAL mode=CPU hash=91fd5f25 elapsed_us=25592896 cpu_us=3478638 arm_us_est=0 transfer_us=0 colour_us=38734 draw_us=2124684 roundtrip_us=0 rate=333326829 cx=-6208 cy=0 step=76 limit=64
[CLIENT] process_daemon_msg type=24 data='sdlfractal|status'
[CLIENT] process_daemon_msg type=24 data='sdlfractal|save'
[CLIENT] process_daemon_msg type=24 data='sdlfractal|metrics'
[CLIENT] process_daemon_msg type=24 data='sdlfractal|screen 16'
SCREEN request_storage=16 mode=50041102 mode_depth=16 width=640 height=480
SCREEN bitmap_depth=16 bytes_per_pixel=2 format=5
[CLIENT] process_daemon_msg type=24 data='sdlfractal|arm'
[CLIENT] process_daemon_msg type=24 data='sdlfractal|status'
[CLIENT] process_daemon_msg type=24 data='sdlfractal|status'
[CLIENT] process_daemon_msg type=24 data='sdlfractal|status'
[CLIENT] process_daemon_msg type=24 data='sdlfractal|status'
[CLIENT] process_daemon_msg type=24 data='sdlfractal|status'
[CLIENT] process_daemon_msg type=24 data='sdlfractal|status'
[CLIENT] process_daemon_msg type=24 data='sdlfractal|status'
[CLIENT] process_daemon_msg type=24 data='sdlfractal|status'
[CLIENT] process_daemon_msg type=24 data='sdlfractal|status'
[CLIENT] process_daemon_msg type=24 data='sdlfractal|status'
[CLIENT] process_daemon_msg type=24 data='sdlfractal|status'
[CLIENT] process_daemon_msg type=24 data='sdlfractal|status'
[CLIENT] process_daemon_msg type=24 data='sdlfractal|status'
[CLIENT] process_daemon_msg type=24 data='sdlfractal|status'
SDL_FRACTAL mode=ARM hash=91fd5f25 elapsed_us=8898752 cpu_us=0 arm_us_est=4211436 transfer_us=101698 colour_us=37376 draw_us=546012 roundtrip_us=8691163 rate=333326829 cx=-6208 cy=0 step=76 limit=64
[CLIENT] process_daemon_msg type=24 data='sdlfractal|status'
[CLIENT] process_daemon_msg type=24 data='sdlfractal|save'
[CLIENT] process_daemon_msg type=24 data='sdlfractal|metrics'
[CLIENT] process_daemon_msg type=24 data='sdlfractal|cpu'
[CLIENT] process_daemon_msg type=24 data='sdlfractal|status'
[CLIENT] process_daemon_msg type=24 data='sdlfractal|status'
[CLIENT] process_daemon_msg type=24 data='sdlfractal|status'
[CLIENT] process_daemon_msg type=24 data='sdlfractal|status'
[CLIENT] process_daemon_msg type=24 data='sdlfractal|status'
[CLIENT] process_daemon_msg type=24 data='sdlfractal|status'
[CLIENT] process_daemon_msg type=24 data='sdlfractal|status'
[CLIENT] process_daemon_msg type=24 data='sdlfractal|status'
[CLIENT] process_daemon_msg type=24 data='sdlfractal|status'
[CLIENT] process_daemon_msg type=24 data='sdlfractal|status'
[CLIENT] process_daemon_msg type=24 data='sdlfractal|status'
[CLIENT] process_daemon_msg type=24 data='sdlfractal|status'
[CLIENT] process_daemon_msg type=24 data='sdlfractal|status'
[CLIENT] process_daemon_msg type=24 data='sdlfractal|status'
[CLIENT] process_daemon_msg type=24 data='sdlfractal|status'
[CLIENT] process_daemon_msg type=24 data='sdlfractal|status'
[CLIENT] process_daemon_msg type=24 data='sdlfractal|status'
[CLIENT] process_daemon_msg type=24 data='sdlfractal|status'
[CLIENT] process_daemon_msg type=24 data='sdlfractal|status'
[CLIENT] process_daemon_msg type=24 data='sdlfractal|status'
[CLIENT] process_daemon_msg type=24 data='sdlfractal|status'
[CLIENT] process_daemon_msg type=24 data='sdlfractal|status'
[CLIENT] process_daemon_msg type=24 data='sdlfractal|status'
[CLIENT] process_daemon_msg type=24 data='sdlfractal|status'
[CLIENT] process_daemon_msg type=24 data='sdlfractal|status'
[CLIENT] process_daemon_msg type=24 data='sdlfractal|status'
[CLIENT] process_daemon_msg type=24 data='sdlfractal|status'
[CLIENT] process_daemon_msg type=24 data='sdlfractal|status'
[CLIENT] process_daemon_msg type=24 data='sdlfractal|status'
[CLIENT] process_daemon_msg type=24 data='sdlfractal|status'
[CLIENT] process_daemon_msg type=24 data='sdlfractal|status'
[CLIENT] process_daemon_msg type=24 data='sdlfractal|status'
[CLIENT] process_daemon_msg type=24 data='sdlfractal|status'
SDL_FRACTAL mode=CPU hash=91fd5f25 elapsed_us=23399851 cpu_us=3474686 arm_us_est=0 transfer_us=0 colour_us=39149 draw_us=1255859 roundtrip_us=0 rate=333326829 cx=-6208 cy=0 step=76 limit=64
[CLIENT] process_daemon_msg type=24 data='sdlfractal|status'
[CLIENT] process_daemon_msg type=24 data='sdlfractal|save'
[CLIENT] process_daemon_msg type=24 data='sdlfractal|metrics'
[CLIENT] process_daemon_msg type=24 data='sdlfractal|pixels'
[CLIENT] process_daemon_msg type=24 data='sdlfractal|screen 32'
SCREEN request_storage=32 mode=50041303 mode_depth=32 width=640 height=480
SCREEN bitmap_depth=32 bytes_per_pixel=4 format=12
[CLIENT] process_daemon_msg type=24 data='sdlfractal|arm'
[CLIENT] process_daemon_msg type=24 data='sdlfractal|status'
[CLIENT] process_daemon_msg type=24 data='sdlfractal|status'
[CLIENT] process_daemon_msg type=24 data='sdlfractal|status'
[CLIENT] process_daemon_msg type=24 data='sdlfractal|status'
[CLIENT] process_daemon_msg type=24 data='sdlfractal|status'
[CLIENT] process_daemon_msg type=24 data='sdlfractal|status'
[CLIENT] process_daemon_msg type=24 data='sdlfractal|status'
[CLIENT] process_daemon_msg type=24 data='sdlfractal|status'
[CLIENT] process_daemon_msg type=24 data='sdlfractal|status'
[CLIENT] process_daemon_msg type=24 data='sdlfractal|status'
[CLIENT] process_daemon_msg type=24 data='sdlfractal|status'
[CLIENT] process_daemon_msg type=24 data='sdlfractal|status'
SDL_FRACTAL mode=ARM hash=91fd5f25 elapsed_us=8975382 cpu_us=0 arm_us_est=4244613 transfer_us=100693 colour_us=37316 draw_us=803631 roundtrip_us=8725435 rate=333326829 cx=-6208 cy=0 step=76 limit=64
[CLIENT] process_daemon_msg type=24 data='sdlfractal|status'
[CLIENT] process_daemon_msg type=24 data='sdlfractal|save'
[CLIENT] process_daemon_msg type=24 data='sdlfractal|metrics'
[CLIENT] process_daemon_msg type=24 data='sdlfractal|cpu'
[CLIENT] process_daemon_msg type=24 data='sdlfractal|status'
[CLIENT] process_daemon_msg type=24 data='sdlfractal|status'
[CLIENT] process_daemon_msg type=24 data='sdlfractal|status'
[CLIENT] process_daemon_msg type=24 data='sdlfractal|status'
[CLIENT] process_daemon_msg type=24 data='sdlfractal|status'
[CLIENT] process_daemon_msg type=24 data='sdlfractal|status'
[CLIENT] process_daemon_msg type=24 data='sdlfractal|status'
[CLIENT] process_daemon_msg type=24 data='sdlfractal|status'
[CLIENT] process_daemon_msg type=24 data='sdlfractal|status'
[CLIENT] process_daemon_msg type=24 data='sdlfractal|status'
[CLIENT] process_daemon_msg type=24 data='sdlfractal|status'
[CLIENT] process_daemon_msg type=24 data='sdlfractal|status'
[CLIENT] process_daemon_msg type=24 data='sdlfractal|status'
[CLIENT] process_daemon_msg type=24 data='sdlfractal|status'
[CLIENT] process_daemon_msg type=24 data='sdlfractal|status'
[CLIENT] process_daemon_msg type=24 data='sdlfractal|status'
[CLIENT] process_daemon_msg type=24 data='sdlfractal|status'
[CLIENT] process_daemon_msg type=24 data='sdlfractal|status'
[CLIENT] process_daemon_msg type=24 data='sdlfractal|status'
[CLIENT] process_daemon_msg type=24 data='sdlfractal|status'
[CLIENT] process_daemon_msg type=24 data='sdlfractal|status'
[CLIENT] process_daemon_msg type=24 data='sdlfractal|status'
[CLIENT] process_daemon_msg type=24 data='sdlfractal|status'
[CLIENT] process_daemon_msg type=24 data='sdlfractal|status'
[CLIENT] process_daemon_msg type=24 data='sdlfractal|status'
[CLIENT] process_daemon_msg type=24 data='sdlfractal|status'
[CLIENT] process_daemon_msg type=24 data='sdlfractal|status'
[CLIENT] process_daemon_msg type=24 data='sdlfractal|status'
[CLIENT] process_daemon_msg type=24 data='sdlfractal|status'
[CLIENT] process_daemon_msg type=24 data='sdlfractal|status'
[CLIENT] process_daemon_msg type=24 data='sdlfractal|status'
[CLIENT] process_daemon_msg type=24 data='sdlfractal|status'
[CLIENT] process_daemon_msg type=24 data='sdlfractal|status'
[CLIENT] process_daemon_msg type=24 data='sdlfractal|status'
[CLIENT] process_daemon_msg type=24 data='sdlfractal|status'
[CLIENT] process_daemon_msg type=24 data='sdlfractal|status'
[CLIENT] process_daemon_msg type=24 data='sdlfractal|status'
[CLIENT] process_daemon_msg type=24 data='sdlfractal|status'
[CLIENT] process_daemon_msg type=24 data='sdlfractal|status'
SDL_FRACTAL mode=CPU hash=91fd5f25 elapsed_us=25560247 cpu_us=3474398 arm_us_est=0 transfer_us=0 colour_us=39095 draw_us=2115702 roundtrip_us=0 rate=333326829 cx=-6208 cy=0 step=76 limit=64
[CLIENT] process_daemon_msg type=24 data='sdlfractal|status'
[CLIENT] process_daemon_msg type=24 data='sdlfractal|save'
[CLIENT] process_daemon_msg type=24 data='sdlfractal|metrics'
[CLIENT] process_daemon_msg type=24 data='sdlfractal|pixels'
[CLIENT] process_daemon_msg type=24 data='sdlfractal|screen 0'
[CLIENT] process_daemon_msg type=24 data='sdlfractal|reset'
[CLIENT] process_daemon_msg type=24 data='sdlfractal|arm'
[CLIENT] process_daemon_msg type=24 data='sdlfractal|status'
[CLIENT] process_daemon_msg type=24 data='sdlfractal|status'
[CLIENT] process_daemon_msg type=24 data='sdlfractal|status'
[CLIENT] process_daemon_msg type=24 data='sdlfractal|status'
[CLIENT] process_daemon_msg type=24 data='sdlfractal|status'
[CLIENT] process_daemon_msg type=24 data='sdlfractal|status'
[CLIENT] process_daemon_msg type=24 data='sdlfractal|status'
[CLIENT] process_daemon_msg type=24 data='sdlfractal|status'
[CLIENT] process_daemon_msg type=24 data='sdlfractal|status'
[CLIENT] process_daemon_msg type=24 data='sdlfractal|status'
[CLIENT] process_daemon_msg type=24 data='sdlfractal|status'
[CLIENT] process_daemon_msg type=24 data='sdlfractal|status'
SDL_FRACTAL mode=ARM hash=fb32f6c6 elapsed_us=7541331 cpu_us=0 arm_us_est=2898815 transfer_us=96061 colour_us=38397 draw_us=690975 roundtrip_us=7291167 rate=333326829 cx=-12288 cy=0 step=153 limit=128
[CLIENT] process_daemon_msg type=24 data='sdlfractal|status'
[CLIENT] process_daemon_msg type=24 data='sdlfractal|save'
[CLIENT] process_daemon_msg type=24 data='sdlfractal|metrics'
[CLIENT] process_daemon_msg type=24 data='sdlfractal|arm'
[CLIENT] process_daemon_msg type=24 data='sdlfractal|zoom 160 120'
[CLIENT] process_daemon_msg type=24 data='sdlfractal|cancel'
[CLIENT] process_daemon_msg type=24 data='sdlfractal|status'
[CLIENT] process_daemon_msg type=24 data='sdlfractal|arm'
[CLIENT] process_daemon_msg type=24 data='sdlfractal|zoom 160 120'
[CLIENT] process_daemon_msg type=24 data='sdlfractal|cancel'
[CLIENT] process_daemon_msg type=24 data='sdlfractal|status'
[CLIENT] process_daemon_msg type=24 data='sdlfractal|arm'
[CLIENT] process_daemon_msg type=24 data='sdlfractal|zoom 160 120'
[CLIENT] process_daemon_msg type=24 data='sdlfractal|cancel'
[CLIENT] process_daemon_msg type=24 data='sdlfractal|status'
[CLIENT] process_daemon_msg type=24 data='sdlfractal|arm'
[CLIENT] process_daemon_msg type=24 data='sdlfractal|zoom 160 120'
[CLIENT] process_daemon_msg type=24 data='sdlfractal|cancel'
[CLIENT] process_daemon_msg type=24 data='sdlfractal|status'
[CLIENT] process_daemon_msg type=24 data='sdlfractal|arm'
[CLIENT] process_daemon_msg type=24 data='sdlfractal|zoom 160 120'
[CLIENT] process_daemon_msg type=24 data='sdlfractal|cancel'
[CLIENT] process_daemon_msg type=24 data='sdlfractal|status'
[CLIENT] process_daemon_msg type=24 data='sdlfractal|arm'
[CLIENT] process_daemon_msg type=24 data='sdlfractal|zoom 160 120'
[CLIENT] process_daemon_msg type=24 data='sdlfractal|cancel'
[CLIENT] process_daemon_msg type=24 data='sdlfractal|status'
[CLIENT] process_daemon_msg type=24 data='sdlfractal|reset'
[CLIENT] process_daemon_msg type=24 data='sdlfractal|status'
[CLIENT] process_daemon_msg type=24 data='sdlfractal|status'
[CLIENT] process_daemon_msg type=24 data='sdlfractal|status'
[CLIENT] process_daemon_msg type=24 data='sdlfractal|status'
[CLIENT] process_daemon_msg type=24 data='sdlfractal|status'
[CLIENT] process_daemon_msg type=24 data='sdlfractal|status'
[CLIENT] process_daemon_msg type=24 data='sdlfractal|status'
[CLIENT] process_daemon_msg type=24 data='sdlfractal|status'
[CLIENT] process_daemon_msg type=24 data='sdlfractal|status'
[CLIENT] process_daemon_msg type=24 data='sdlfractal|status'
[CLIENT] process_daemon_msg type=24 data='sdlfractal|status'
[CLIENT] process_daemon_msg type=24 data='sdlfractal|status'
SDL_FRACTAL mode=ARM hash=fb32f6c6 elapsed_us=7541364 cpu_us=0 arm_us_est=2896189 transfer_us=96186 colour_us=40113 draw_us=695182 roundtrip_us=7286242 rate=333326829 cx=-12288 cy=0 step=153 limit=128
[CLIENT] process_daemon_msg type=24 data='sdlfractal|status'
[CLIENT] process_daemon_msg type=24 data='sdlfractal|save'
[CLIENT] process_daemon_msg type=24 data='sdlfractal|metrics'
[CLIENT] process_daemon_msg type=24 data='sdlfractal|iconify'
[CLIENT] process_daemon_msg type=24 data='sdlfractal|status'
[CLIENT] process_daemon_msg type=24 data='sdlfractal|restore'
[CLIENT] process_daemon_msg type=24 data='sdlfractal|status'
[CLIENT] process_daemon_msg type=24 data='sdlfractal|cover'
[CLIENT] process_daemon_msg type=24 data='sdlfractal|arm'
[CLIENT] process_daemon_msg type=24 data='sdlfractal|status'
[CLIENT] process_daemon_msg type=24 data='sdlfractal|status'
[CLIENT] process_daemon_msg type=24 data='sdlfractal|status'
[CLIENT] process_daemon_msg type=24 data='sdlfractal|status'
[CLIENT] process_daemon_msg type=24 data='sdlfractal|status'
[CLIENT] process_daemon_msg type=24 data='sdlfractal|status'
[CLIENT] process_daemon_msg type=24 data='sdlfractal|status'
[CLIENT] process_daemon_msg type=24 data='sdlfractal|status'
[CLIENT] process_daemon_msg type=24 data='sdlfractal|status'
[CLIENT] process_daemon_msg type=24 data='sdlfractal|status'
[CLIENT] process_daemon_msg type=24 data='sdlfractal|status'
[CLIENT] process_daemon_msg type=24 data='sdlfractal|status'
SDL_FRACTAL mode=ARM hash=fb32f6c6 elapsed_us=7591885 cpu_us=0 arm_us_est=2900714 transfer_us=97047 colour_us=38513 draw_us=718190 roundtrip_us=7336456 rate=333326829 cx=-12288 cy=0 step=153 limit=128
[CLIENT] process_daemon_msg type=24 data='sdlfractal|status'
[CLIENT] process_daemon_msg type=24 data='sdlfractal|save'
[CLIENT] process_daemon_msg type=24 data='sdlfractal|metrics'
[CLIENT] process_daemon_msg type=24 data='sdlfractal|uncover'
[CLIENT] process_daemon_msg type=24 data='sdlfractal|arm'
[CLIENT] process_daemon_msg type=24 data='sdlfractal|iconify'
[CLIENT] process_daemon_msg type=24 data='sdlfractal|status'
[CLIENT] process_daemon_msg type=24 data='sdlfractal|status'
[CLIENT] process_daemon_msg type=24 data='sdlfractal|status'
[CLIENT] process_daemon_msg type=24 data='sdlfractal|status'
[CLIENT] process_daemon_msg type=24 data='sdlfractal|status'
[CLIENT] process_daemon_msg type=24 data='sdlfractal|status'
[CLIENT] process_daemon_msg type=24 data='sdlfractal|status'
[CLIENT] process_daemon_msg type=24 data='sdlfractal|status'
[CLIENT] process_daemon_msg type=24 data='sdlfractal|status'
SDL_FRACTAL mode=ARM hash=fb32f6c6 elapsed_us=7219546 cpu_us=0 arm_us_est=2887608 transfer_us=87992 colour_us=17194 draw_us=65427 roundtrip_us=7098775 rate=333326829 cx=-12288 cy=0 step=153 limit=128
[CLIENT] process_daemon_msg type=24 data='sdlfractal|status'
[CLIENT] process_daemon_msg type=24 data='sdlfractal|restore'
[CLIENT] process_daemon_msg type=24 data='sdlfractal|status'
[CLIENT] process_daemon_msg type=24 data='sdlfractal|quit'
SDL_UI exit=0 renders=28 cancels=13 discarded=12
EXIT epilogue=52455431 cache_echoes=0 rounds=0
LAUNCHER exit=0; owned memory released
