OWNED amiga=50000040 arm_candidate=101f0040 size=8388608 nonce=86d48226
BOOTSTRAP amiga=40c52800 arm=00e42800 (P96 allocated/locked)
MAP status=4d415031 SCTLR=08c50878 MIDR=413fc090 MPIDR=80000001
MAPPING PASS (eight nonce-derived words)
ARM ready=41524d31 SCTLR=08c50878 MIDR=413fc090 MPIDR=80000001
CLOCK estimated_hz=327856778 interval_ms=217
INPUT path=RAM:ZZVideo/demo.mpg bytes=507904 hash=37f3d6e4
OPEN width=320 height=240 fps=25/1
[CLIENT] process_daemon_msg type=24 data='video|pause'
[CLIENT] process_daemon_msg type=24 data='arm_debug|S'
[CLIENT] process_daemon_msg type=24 data='arm_debug|R 00000001 0 60'
[CLIENT] process_daemon_msg type=24 data='arm_debug|R 00000001 60 60'
[CLIENT] process_daemon_msg type=24 data='arm_debug|R 00000001 c0 40'
[CLIENT] process_daemon_msg type=24 data='arm_debug|S'
[CLIENT] process_daemon_msg type=24 data='arm_debug|R 00000002 0 60'
[CLIENT] process_daemon_msg type=24 data='arm_debug|R 00000002 60 60'
[CLIENT] process_daemon_msg type=24 data='arm_debug|R 00000002 c0 40'
[CLIENT] process_daemon_msg type=24 data='arm_debug|W 86d48226 1 1 0 0 0'
[CLIENT] process_daemon_msg type=24 data='arm_debug|S'
[CLIENT] process_daemon_msg type=24 data='arm_debug|R 00000003 0 60'
[CLIENT] process_daemon_msg type=24 data='arm_debug|R 00000003 60 60'
[CLIENT] process_daemon_msg type=24 data='arm_debug|R 00000003 c0 40'
[CLIENT] process_daemon_msg type=24 data='arm_debug|S'
[CLIENT] process_daemon_msg type=24 data='arm_debug|R 00000004 0 60'
[CLIENT] process_daemon_msg type=24 data='arm_debug|R 00000004 60 60'
[CLIENT] process_daemon_msg type=24 data='arm_debug|R 00000004 c0 40'
[CLIENT] process_daemon_msg type=24 data='arm_debug|S'
[CLIENT] process_daemon_msg type=24 data='arm_debug|R 00000005 0 60'
[CLIENT] process_daemon_msg type=24 data='arm_debug|R 00000005 60 60'
[CLIENT] process_daemon_msg type=24 data='arm_debug|R 00000005 c0 40'
[CLIENT] process_daemon_msg type=24 data='arm_debug|W 86d48226 2 3 0 0 0'
[CLIENT] process_daemon_msg type=24 data='arm_debug|S'
[CLIENT] process_daemon_msg type=24 data='arm_debug|R 00000006 0 60'
[CLIENT] process_daemon_msg type=24 data='arm_debug|R 00000006 60 60'
[CLIENT] process_daemon_msg type=24 data='arm_debug|R 00000006 c0 40'
[CLIENT] process_daemon_msg type=24 data='arm_debug|S'
[CLIENT] process_daemon_msg type=24 data='arm_debug|R 00000007 0 60'
[CLIENT] process_daemon_msg type=24 data='arm_debug|R 00000007 60 60'
[CLIENT] process_daemon_msg type=24 data='arm_debug|R 00000007 c0 40'
[CLIENT] process_daemon_msg type=24 data='arm_debug|W 86d48226 3 6 0 0 40'
[CLIENT] process_daemon_msg type=24 data='arm_debug|S'
[CLIENT] process_daemon_msg type=24 data='arm_debug|R 00000008 0 60'
[CLIENT] process_daemon_msg type=24 data='arm_debug|R 00000008 60 60'
[CLIENT] process_daemon_msg type=24 data='arm_debug|R 00000008 c0 40'
[CLIENT] process_daemon_msg type=24 data='arm_debug|S'
[CLIENT] process_daemon_msg type=24 data='arm_debug|R 00000009 0 60'
[CLIENT] process_daemon_msg type=24 data='arm_debug|R 00000009 60 60'
[CLIENT] process_daemon_msg type=24 data='arm_debug|R 00000009 c0 40'
[CLIENT] process_daemon_msg type=24 data='arm_debug|S'
[CLIENT] process_daemon_msg type=24 data='arm_debug|R 0000000a 0 60'
[CLIENT] process_daemon_msg type=24 data='arm_debug|R 0000000a 60 60'
[CLIENT] process_daemon_msg type=24 data='arm_debug|R 0000000a c0 40'
[CLIENT] process_daemon_msg type=24 data='arm_debug|W 86d48226 4 7 0 0 0'
[CLIENT] process_daemon_msg type=24 data='arm_debug|S'
[CLIENT] process_daemon_msg type=24 data='arm_debug|R 0000000b 0 60'
[CLIENT] process_daemon_msg type=24 data='arm_debug|R 0000000b 60 60'
[CLIENT] process_daemon_msg type=24 data='arm_debug|R 0000000b c0 40'
[CLIENT] process_daemon_msg type=24 data='video|status'
[CLIENT] process_daemon_msg type=24 data='video|status'
[CLIENT] process_daemon_msg type=24 data='video|replay'
[CLIENT] process_daemon_msg type=24 data='video|status'
[CLIENT] process_daemon_msg type=24 data='video|status'
[CLIENT] process_daemon_msg type=24 data='video|status'
[CLIENT] process_daemon_msg type=24 data='arm_debug|S'
[CLIENT] process_daemon_msg type=24 data='arm_debug|R 0000000c 0 60'
[CLIENT] process_daemon_msg type=24 data='arm_debug|R 0000000c 60 60'
[CLIENT] process_daemon_msg type=24 data='arm_debug|R 0000000c c0 40'
[CLIENT] process_daemon_msg type=24 data='video|quit'
VIDEO exit=0 frames=48
EXIT epilogue=52455431 cache_echoes=0 rounds=0
LAUNCHER exit=0; owned memory released
