OWNED amiga=50000040 arm_candidate=101f0040 size=8388608 nonce=86d4d973
BOOTSTRAP amiga=40c52800 arm=00e42800 (P96 allocated/locked)
MAP status=4d415031 SCTLR=08c50878 MIDR=413fc090 MPIDR=80000001
MAPPING PASS (eight nonce-derived words)
ARM ready=41524d31 SCTLR=08c50878 MIDR=413fc090 MPIDR=80000001
CLOCK estimated_hz=300667343 interval_ms=230
INPUT path=RAM:ZZVideo/demo.mpg bytes=507904 hash=ef3f6a34
OPEN width=320 height=240 fps=25/1
[CLIENT] process_daemon_msg type=24 data='arm_debug|S'
[CLIENT] process_daemon_msg type=24 data='arm_debug|R 00000001 0 60'
[CLIENT] process_daemon_msg type=24 data='arm_debug|R 00000001 60 60'
[CLIENT] process_daemon_msg type=24 data='arm_debug|R 00000001 c0 40'
[CLIENT] process_daemon_msg type=24 data='arm_debug|S'
[CLIENT] process_daemon_msg type=24 data='arm_debug|R 00000002 0 60'
[CLIENT] process_daemon_msg type=24 data='arm_debug|R 00000002 60 60'
[CLIENT] process_daemon_msg type=24 data='arm_debug|R 00000002 c0 40'
[CLIENT] process_daemon_msg type=24 data='arm_debug|W 86d4d973 1 1 0 0 0'
[CLIENT] process_daemon_msg type=24 data='arm_debug|S'
[CLIENT] process_daemon_msg type=24 data='arm_debug|R 00000003 0 60'
[CLIENT] process_daemon_msg type=24 data='arm_debug|R 00000003 60 60'
[CLIENT] process_daemon_msg type=24 data='arm_debug|R 00000003 c0 40'
[CLIENT] process_daemon_msg type=24 data='video|quit'
VIDEO exit=0 frames=19
EXIT epilogue=52455431 cache_echoes=0 rounds=0
LAUNCHER exit=0; owned memory released
