OWNED amiga=50000040 arm_candidate=101f0040 size=8388608 nonce=856ddf0c
BOOTSTRAP amiga=40c52800 arm=00e42800 (P96 allocated/locked)
MAP status=4d415031 SCTLR=08c50878 MIDR=413fc090 MPIDR=80000001
MAPPING PASS (eight nonce-derived words)
ARM ready=41524d31 SCTLR=08c50878 MIDR=413fc090 MPIDR=80000001
CLOCK estimated_hz=315027018 interval_ms=215
INPUT path=RAM:ZZVideo/bframes.mpg bytes=124928 hash=a92cecb2
OPEN width=320 height=240 fps=25/1
FRAME 1 hash=ff1bebd9 ticks=0:050bb29c retries=0
FRAME 2 hash=1a5b7c00 ticks=0:02a554a9 retries=0
FRAME 3 hash=bb91d6fc ticks=0:02843d52 retries=0
FRAME 4 hash=def6d8d6 ticks=0:02e0e963 retries=0
FRAME 5 hash=a478c0ad ticks=0:02d606bc retries=0
FRAME 6 hash=e026bf5f ticks=0:02c9088c retries=0
FRAME 7 hash=0abc99cc ticks=0:02f50fdb retries=0
FRAME 8 hash=67ab491c ticks=0:027f697d retries=0
FRAME 9 hash=453cf64c ticks=0:02770a21 retries=0
FRAME 10 hash=a6d7b831 ticks=0:03637541 retries=0
FRAME 11 hash=bb158e49 ticks=0:02cb15a9 retries=0
FRAME 12 hash=77bcd6c0 ticks=0:02c39d4a retries=0
FRAME 13 hash=18149129 ticks=0:02f62e25 retries=0
FRAME 14 hash=8f6bdf63 ticks=0:029c259b retries=0
FRAME 15 hash=529a1629 ticks=0:0287ac66 retries=0
FRAME 16 hash=da50a3d9 ticks=0:02c800b4 retries=0
FRAME 17 hash=faf35abb ticks=0:02aab502 retries=0
FRAME 18 hash=fdb783b1 ticks=0:02a30d21 retries=0
FRAME 19 hash=e6283d7d ticks=0:02e8715b retries=0
FRAME 20 hash=24687800 ticks=0:0271c910 retries=0
FRAME 21 hash=1987bab0 ticks=0:027da214 retries=0
FRAME 22 hash=fc6b52be ticks=0:034704af retries=0
FRAME 23 hash=105f295c ticks=0:02cf60d7 retries=0
FRAME 24 hash=aa40a7b9 ticks=0:02d60278 retries=0
FRAME 25 hash=a80dbf74 ticks=0:011a5d97 retries=0
EOF frames=25 elapsed_ms=11797 decode_ticks=0:45a14e00 draw_ms=2212 retries=0 clock_hz=315027018
VIDEO exit=0 frames=25
EXIT epilogue=52455431 cache_echoes=0 rounds=0
LAUNCHER exit=0; owned memory released
