OWNED amiga=50000040 arm_candidate=101f0040 size=1048576 nonce=85a09d81
BOOTSTRAP amiga=40c52800 arm=00e42800 (P96 allocated/locked)
MAP status=4d415031 SCTLR=08c50878 MIDR=413fc090 MPIDR=80000001
MAPPING PASS (eight nonce-derived words)
ARM ready=41524d31 SCTLR=08c50878 MIDR=413fc090 MPIDR=80000001
SCHEDULER paced=1 work_us=2000 sleep_us=1000 cpu_steps=1024
SCREEN request_storage=32 mode=50041303 mode_depth=32 width=640 height=480
SCREEN bitmap_depth=32 bytes_per_pixel=4 format=12
TIMER ticks_per_second=333325018 span_us=1002299 uncertainty_us=506 control=00000001 read_only=1
[CLIENT] process_daemon_msg type=24 data='sdlfractal|automation on'
[CLIENT] process_daemon_msg type=24 data='sdlfractal|arm'
[CLIENT] process_daemon_msg type=24 data='sdlfractal|status'
[CLIENT] process_daemon_msg type=24 data='sdlfractal|status'
[CLIENT] process_daemon_msg type=24 data='sdlfractal|status'
[CLIENT] process_daemon_msg type=24 data='sdlfractal|status'
[CLIENT] process_daemon_msg type=24 data='sdlfractal|status'
[CLIENT] process_daemon_msg type=24 data='sdlfractal|status'
[CLIENT] process_daemon_msg type=24 data='sdlfractal|status'
[CLIENT] process_daemon_msg type=24 data='sdlfractal|status'
DIRECT_FRAME hash=fb32f6c6 wall_us=1799777 arm_us=1617288 colour_us=74539 copy_us=13639 blit_us=1358 draw_us=42160
[CLIENT] process_daemon_msg type=24 data='sdlfractal|status'
[CLIENT] process_daemon_msg type=24 data='sdlfractal|direct'
[CLIENT] process_daemon_msg type=24 data='sdlfractal|metrics'
[CLIENT] process_daemon_msg type=24 data='sdlfractal|save'
[CLIENT] process_daemon_msg type=24 data='sdlfractal|pixels'
[CLIENT] process_daemon_msg type=24 data='sdlfractal|metrics'
[CLIENT] process_daemon_msg type=24 data='sdlfractal|metrics'
[CLIENT] process_daemon_msg type=24 data='sdlfractal|arm'
[CLIENT] process_daemon_msg type=24 data='sdlfractal|status'
[CLIENT] process_daemon_msg type=24 data='sdlfractal|status'
[CLIENT] process_daemon_msg type=24 data='sdlfractal|status'
[CLIENT] process_daemon_msg type=24 data='sdlfractal|status'
[CLIENT] process_daemon_msg type=24 data='sdlfractal|status'
[CLIENT] process_daemon_msg type=24 data='sdlfractal|status'
[CLIENT] process_daemon_msg type=24 data='sdlfractal|status'
DIRECT_FRAME hash=fb32f6c6 wall_us=1806641 arm_us=1616641 colour_us=73892 copy_us=13626 blit_us=2983 draw_us=41997
[CLIENT] process_daemon_msg type=24 data='sdlfractal|status'
[CLIENT] process_daemon_msg type=24 data='sdlfractal|direct'
[CLIENT] process_daemon_msg type=24 data='sdlfractal|metrics'
[CLIENT] process_daemon_msg type=24 data='sdlfractal|arm'
[CLIENT] process_daemon_msg type=24 data='sdlfractal|status'
[CLIENT] process_daemon_msg type=24 data='sdlfractal|status'
[CLIENT] process_daemon_msg type=24 data='sdlfractal|status'
[CLIENT] process_daemon_msg type=24 data='sdlfractal|status'
[CLIENT] process_daemon_msg type=24 data='sdlfractal|status'
[CLIENT] process_daemon_msg type=24 data='sdlfractal|status'
[CLIENT] process_daemon_msg type=24 data='sdlfractal|status'
DIRECT_FRAME hash=fb32f6c6 wall_us=1806317 arm_us=1616828 colour_us=74146 copy_us=13524 blit_us=2741 draw_us=40819
[CLIENT] process_daemon_msg type=24 data='sdlfractal|status'
[CLIENT] process_daemon_msg type=24 data='sdlfractal|direct'
[CLIENT] process_daemon_msg type=24 data='sdlfractal|metrics'
[CLIENT] process_daemon_msg type=24 data='sdlfractal|arm'
[CLIENT] process_daemon_msg type=24 data='sdlfractal|status'
[CLIENT] process_daemon_msg type=24 data='sdlfractal|status'
[CLIENT] process_daemon_msg type=24 data='sdlfractal|status'
[CLIENT] process_daemon_msg type=24 data='sdlfractal|status'
[CLIENT] process_daemon_msg type=24 data='sdlfractal|status'
[CLIENT] process_daemon_msg type=24 data='sdlfractal|status'
[CLIENT] process_daemon_msg type=24 data='sdlfractal|status'
DIRECT_FRAME hash=fb32f6c6 wall_us=1822813 arm_us=1616979 colour_us=74214 copy_us=13522 blit_us=2737 draw_us=50235
[CLIENT] process_daemon_msg type=24 data='sdlfractal|status'
[CLIENT] process_daemon_msg type=24 data='sdlfractal|direct'
[CLIENT] process_daemon_msg type=24 data='sdlfractal|metrics'
[CLIENT] process_daemon_msg type=24 data='sdlfractal|arm'
[CLIENT] process_daemon_msg type=24 data='sdlfractal|status'
[CLIENT] process_daemon_msg type=24 data='sdlfractal|status'
[CLIENT] process_daemon_msg type=24 data='sdlfractal|status'
[CLIENT] process_daemon_msg type=24 data='sdlfractal|status'
[CLIENT] process_daemon_msg type=24 data='sdlfractal|status'
[CLIENT] process_daemon_msg type=24 data='sdlfractal|status'
[CLIENT] process_daemon_msg type=24 data='sdlfractal|status'
DIRECT_FRAME hash=fb32f6c6 wall_us=1807719 arm_us=1616548 colour_us=74302 copy_us=13524 blit_us=2725 draw_us=44167
[CLIENT] process_daemon_msg type=24 data='sdlfractal|status'
[CLIENT] process_daemon_msg type=24 data='sdlfractal|direct'
[CLIENT] process_daemon_msg type=24 data='sdlfractal|metrics'
[CLIENT] process_daemon_msg type=24 data='sdlfractal|arm'
[CLIENT] process_daemon_msg type=24 data='sdlfractal|status'
[CLIENT] process_daemon_msg type=24 data='sdlfractal|status'
[CLIENT] process_daemon_msg type=24 data='sdlfractal|status'
[CLIENT] process_daemon_msg type=24 data='sdlfractal|status'
[CLIENT] process_daemon_msg type=24 data='sdlfractal|status'
[CLIENT] process_daemon_msg type=24 data='sdlfractal|status'
[CLIENT] process_daemon_msg type=24 data='sdlfractal|status'
DIRECT_FRAME hash=fb32f6c6 wall_us=1822777 arm_us=1617049 colour_us=73881 copy_us=13521 blit_us=2757 draw_us=53246
[CLIENT] process_daemon_msg type=24 data='sdlfractal|status'
[CLIENT] process_daemon_msg type=24 data='sdlfractal|direct'
[CLIENT] process_daemon_msg type=24 data='sdlfractal|metrics'
[CLIENT] process_daemon_msg type=24 data='sdlfractal|zoom 160 120'
[CLIENT] process_daemon_msg type=24 data='sdlfractal|status'
[CLIENT] process_daemon_msg type=24 data='sdlfractal|status'
[CLIENT] process_daemon_msg type=24 data='sdlfractal|status'
[CLIENT] process_daemon_msg type=24 data='sdlfractal|status'
[CLIENT] process_daemon_msg type=24 data='sdlfractal|status'
[CLIENT] process_daemon_msg type=24 data='sdlfractal|status'
[CLIENT] process_daemon_msg type=24 data='sdlfractal|status'
[CLIENT] process_daemon_msg type=24 data='sdlfractal|status'
[CLIENT] process_daemon_msg type=24 data='sdlfractal|status'
[CLIENT] process_daemon_msg type=24 data='sdlfractal|status'
[CLIENT] process_daemon_msg type=24 data='sdlfractal|status'
[CLIENT] process_daemon_msg type=24 data='sdlfractal|status'
[CLIENT] process_daemon_msg type=24 data='sdlfractal|status'
[CLIENT] process_daemon_msg type=24 data='sdlfractal|status'
[CLIENT] process_daemon_msg type=24 data='sdlfractal|status'
[CLIENT] process_daemon_msg type=24 data='sdlfractal|status'
[CLIENT] process_daemon_msg type=24 data='sdlfractal|status'
DIRECT_FRAME hash=a0004522 wall_us=4083833 arm_us=3875368 colour_us=71554 copy_us=13611 blit_us=3024 draw_us=52347
[CLIENT] process_daemon_msg type=24 data='sdlfractal|status'
[CLIENT] process_daemon_msg type=24 data='sdlfractal|direct'
[CLIENT] process_daemon_msg type=24 data='sdlfractal|metrics'
[CLIENT] process_daemon_msg type=24 data='sdlfractal|save'
[CLIENT] process_daemon_msg type=24 data='sdlfractal|pixels'
[CLIENT] process_daemon_msg type=24 data='sdlfractal|pan 1 0'
[CLIENT] process_daemon_msg type=24 data='sdlfractal|status'
[CLIENT] process_daemon_msg type=24 data='sdlfractal|status'
[CLIENT] process_daemon_msg type=24 data='sdlfractal|status'
[CLIENT] process_daemon_msg type=24 data='sdlfractal|status'
[CLIENT] process_daemon_msg type=24 data='sdlfractal|status'
[CLIENT] process_daemon_msg type=24 data='sdlfractal|status'
[CLIENT] process_daemon_msg type=24 data='sdlfractal|status'
[CLIENT] process_daemon_msg type=24 data='sdlfractal|status'
[CLIENT] process_daemon_msg type=24 data='sdlfractal|status'
[CLIENT] process_daemon_msg type=24 data='sdlfractal|status'
[CLIENT] process_daemon_msg type=24 data='sdlfractal|status'
[CLIENT] process_daemon_msg type=24 data='sdlfractal|status'
[CLIENT] process_daemon_msg type=24 data='sdlfractal|status'
[CLIENT] process_daemon_msg type=24 data='sdlfractal|status'
[CLIENT] process_daemon_msg type=24 data='sdlfractal|status'
[CLIENT] process_daemon_msg type=24 data='sdlfractal|status'
[CLIENT] process_daemon_msg type=24 data='sdlfractal|status'
[CLIENT] process_daemon_msg type=24 data='sdlfractal|status'
[CLIENT] process_daemon_msg type=24 data='sdlfractal|status'
[CLIENT] process_daemon_msg type=24 data='sdlfractal|status'
[CLIENT] process_daemon_msg type=24 data='sdlfractal|status'
DIRECT_FRAME hash=a1f72ed7 wall_us=4624344 arm_us=4421713 colour_us=69317 copy_us=13520 blit_us=3428 draw_us=40483
[CLIENT] process_daemon_msg type=24 data='sdlfractal|status'
[CLIENT] process_daemon_msg type=24 data='sdlfractal|direct'
[CLIENT] process_daemon_msg type=24 data='sdlfractal|metrics'
[CLIENT] process_daemon_msg type=24 data='sdlfractal|save'
[CLIENT] process_daemon_msg type=24 data='sdlfractal|pixels'
[CLIENT] process_daemon_msg type=24 data='sdlfractal|iterations 256'
[CLIENT] process_daemon_msg type=24 data='sdlfractal|status'
[CLIENT] process_daemon_msg type=24 data='sdlfractal|status'
[CLIENT] process_daemon_msg type=24 data='sdlfractal|status'
[CLIENT] process_daemon_msg type=24 data='sdlfractal|status'
[CLIENT] process_daemon_msg type=24 data='sdlfractal|status'
[CLIENT] process_daemon_msg type=24 data='sdlfractal|status'
[CLIENT] process_daemon_msg type=24 data='sdlfractal|status'
[CLIENT] process_daemon_msg type=24 data='sdlfractal|status'
[CLIENT] process_daemon_msg type=24 data='sdlfractal|status'
[CLIENT] process_daemon_msg type=24 data='sdlfractal|status'
[CLIENT] process_daemon_msg type=24 data='sdlfractal|status'
[CLIENT] process_daemon_msg type=24 data='sdlfractal|status'
[CLIENT] process_daemon_msg type=24 data='sdlfractal|status'
[CLIENT] process_daemon_msg type=24 data='sdlfractal|status'
[CLIENT] process_daemon_msg type=24 data='sdlfractal|status'
[CLIENT] process_daemon_msg type=24 data='sdlfractal|status'
[CLIENT] process_daemon_msg type=24 data='sdlfractal|status'
[CLIENT] process_daemon_msg type=24 data='sdlfractal|status'
[CLIENT] process_daemon_msg type=24 data='sdlfractal|status'
[CLIENT] process_daemon_msg type=24 data='sdlfractal|status'
[CLIENT] process_daemon_msg type=24 data='sdlfractal|status'
[CLIENT] process_daemon_msg type=24 data='sdlfractal|status'
[CLIENT] process_daemon_msg type=24 data='sdlfractal|status'
[CLIENT] process_daemon_msg type=24 data='sdlfractal|status'
[CLIENT] process_daemon_msg type=24 data='sdlfractal|status'
[CLIENT] process_daemon_msg type=24 data='sdlfractal|status'
[CLIENT] process_daemon_msg type=24 data='sdlfractal|status'
[CLIENT] process_daemon_msg type=24 data='sdlfractal|status'
[CLIENT] process_daemon_msg type=24 data='sdlfractal|status'
[CLIENT] process_daemon_msg type=24 data='sdlfractal|status'
[CLIENT] process_daemon_msg type=24 data='sdlfractal|status'
[CLIENT] process_daemon_msg type=24 data='sdlfractal|status'
[CLIENT] process_daemon_msg type=24 data='sdlfractal|status'
[CLIENT] process_daemon_msg type=24 data='sdlfractal|status'
[CLIENT] process_daemon_msg type=24 data='sdlfractal|status'
[CLIENT] process_daemon_msg type=24 data='sdlfractal|status'
[CLIENT] process_daemon_msg type=24 data='sdlfractal|status'
[CLIENT] process_daemon_msg type=24 data='sdlfractal|status'
DIRECT_FRAME hash=f3472e2e wall_us=8469451 arm_us=8227275 colour_us=69358 copy_us=13527 blit_us=3241 draw_us=54375
[CLIENT] process_daemon_msg type=24 data='sdlfractal|status'
[CLIENT] process_daemon_msg type=24 data='sdlfractal|direct'
[CLIENT] process_daemon_msg type=24 data='sdlfractal|metrics'
[CLIENT] process_daemon_msg type=24 data='sdlfractal|save'
[CLIENT] process_daemon_msg type=24 data='sdlfractal|pixels'
[CLIENT] process_daemon_msg type=24 data='sdlfractal|zoom 160 120'
[CLIENT] process_daemon_msg type=24 data='sdlfractal|status'
[CLIENT] process_daemon_msg type=24 data='sdlfractal|status'
[CLIENT] process_daemon_msg type=24 data='sdlfractal|status'
[CLIENT] process_daemon_msg type=24 data='sdlfractal|status'
[CLIENT] process_daemon_msg type=24 data='sdlfractal|status'
[CLIENT] process_daemon_msg type=24 data='sdlfractal|status'
[CLIENT] process_daemon_msg type=24 data='sdlfractal|status'
[CLIENT] process_daemon_msg type=24 data='sdlfractal|status'
[CLIENT] process_daemon_msg type=24 data='sdlfractal|status'
[CLIENT] process_daemon_msg type=24 data='sdlfractal|status'
[CLIENT] process_daemon_msg type=24 data='sdlfractal|status'
[CLIENT] process_daemon_msg type=24 data='sdlfractal|status'
[CLIENT] process_daemon_msg type=24 data='sdlfractal|status'
[CLIENT] process_daemon_msg type=24 data='sdlfractal|status'
[CLIENT] process_daemon_msg type=24 data='sdlfractal|status'
[CLIENT] process_daemon_msg type=24 data='sdlfractal|status'
[CLIENT] process_daemon_msg type=24 data='sdlfractal|status'
[CLIENT] process_daemon_msg type=24 data='sdlfractal|status'
[CLIENT] process_daemon_msg type=24 data='sdlfractal|status'
[CLIENT] process_daemon_msg type=24 data='sdlfractal|status'
[CLIENT] process_daemon_msg type=24 data='sdlfractal|status'
[CLIENT] process_daemon_msg type=24 data='sdlfractal|status'
[CLIENT] process_daemon_msg type=24 data='sdlfractal|status'
[CLIENT] process_daemon_msg type=24 data='sdlfractal|status'
[CLIENT] process_daemon_msg type=24 data='sdlfractal|status'
[CLIENT] process_daemon_msg type=24 data='sdlfractal|status'
[CLIENT] process_daemon_msg type=24 data='sdlfractal|status'
[CLIENT] process_daemon_msg type=24 data='sdlfractal|status'
[CLIENT] process_daemon_msg type=24 data='sdlfractal|status'
[CLIENT] process_daemon_msg type=24 data='sdlfractal|status'
[CLIENT] process_daemon_msg type=24 data='sdlfractal|status'
[CLIENT] process_daemon_msg type=24 data='sdlfractal|status'
[CLIENT] process_daemon_msg type=24 data='sdlfractal|status'
[CLIENT] process_daemon_msg type=24 data='sdlfractal|status'
[CLIENT] process_daemon_msg type=24 data='sdlfractal|status'
[CLIENT] process_daemon_msg type=24 data='sdlfractal|status'
[CLIENT] process_daemon_msg type=24 data='sdlfractal|status'
[CLIENT] process_daemon_msg type=24 data='sdlfractal|status'
[CLIENT] process_daemon_msg type=24 data='sdlfractal|status'
[CLIENT] process_daemon_msg type=24 data='sdlfractal|status'
[CLIENT] process_daemon_msg type=24 data='sdlfractal|status'
[CLIENT] process_daemon_msg type=24 data='sdlfractal|status'
[CLIENT] process_daemon_msg type=24 data='sdlfractal|status'
[CLIENT] process_daemon_msg type=24 data='sdlfractal|status'
[CLIENT] process_daemon_msg type=24 data='sdlfractal|status'
DIRECT_FRAME hash=828f1c30 wall_us=10122191 arm_us=9878895 colour_us=68148 copy_us=13523 blit_us=2734 draw_us=41484
[CLIENT] process_daemon_msg type=24 data='sdlfractal|status'
[CLIENT] process_daemon_msg type=24 data='sdlfractal|direct'
[CLIENT] process_daemon_msg type=24 data='sdlfractal|metrics'
[CLIENT] process_daemon_msg type=24 data='sdlfractal|save'
[CLIENT] process_daemon_msg type=24 data='sdlfractal|pixels'
[CLIENT] process_daemon_msg type=24 data='sdlfractal|out'
[CLIENT] process_daemon_msg type=24 data='sdlfractal|cpu'
[CLIENT] process_daemon_msg type=24 data='sdlfractal|status'
[CLIENT] process_daemon_msg type=24 data='sdlfractal|status'
[CLIENT] process_daemon_msg type=24 data='sdlfractal|status'
[CLIENT] process_daemon_msg type=24 data='sdlfractal|status'
[CLIENT] process_daemon_msg type=24 data='sdlfractal|status'
[CLIENT] process_daemon_msg type=24 data='sdlfractal|status'
[CLIENT] process_daemon_msg type=24 data='sdlfractal|status'
[CLIENT] process_daemon_msg type=24 data='sdlfractal|status'
[CLIENT] process_daemon_msg type=24 data='sdlfractal|status'
[CLIENT] process_daemon_msg type=24 data='sdlfractal|status'
[CLIENT] process_daemon_msg type=24 data='sdlfractal|status'
[CLIENT] process_daemon_msg type=24 data='sdlfractal|status'
[CLIENT] process_daemon_msg type=24 data='sdlfractal|status'
[CLIENT] process_daemon_msg type=24 data='sdlfractal|status'
[CLIENT] process_daemon_msg type=24 data='sdlfractal|status'
[CLIENT] process_daemon_msg type=24 data='sdlfractal|status'
[CLIENT] process_daemon_msg type=24 data='sdlfractal|status'
[CLIENT] process_daemon_msg type=24 data='sdlfractal|status'
[CLIENT] process_daemon_msg type=24 data='sdlfractal|status'
[CLIENT] process_daemon_msg type=24 data='sdlfractal|status'
[CLIENT] process_daemon_msg type=24 data='sdlfractal|status'
[CLIENT] process_daemon_msg type=24 data='sdlfractal|status'
[CLIENT] process_daemon_msg type=24 data='sdlfractal|status'
[CLIENT] process_daemon_msg type=24 data='sdlfractal|status'
[CLIENT] process_daemon_msg type=24 data='sdlfractal|status'
[CLIENT] process_daemon_msg type=24 data='sdlfractal|status'
[CLIENT] process_daemon_msg type=24 data='sdlfractal|status'
[CLIENT] process_daemon_msg type=24 data='sdlfractal|status'
[CLIENT] process_daemon_msg type=24 data='sdlfractal|status'
[CLIENT] process_daemon_msg type=24 data='sdlfractal|status'
[CLIENT] process_daemon_msg type=24 data='sdlfractal|status'
[CLIENT] process_daemon_msg type=24 data='sdlfractal|status'
[CLIENT] process_daemon_msg type=24 data='sdlfractal|status'
[CLIENT] process_daemon_msg type=24 data='sdlfractal|status'
[CLIENT] process_daemon_msg type=24 data='sdlfractal|status'
[CLIENT] process_daemon_msg type=24 data='sdlfractal|status'
[CLIENT] process_daemon_msg type=24 data='sdlfractal|status'
[CLIENT] process_daemon_msg type=24 data='sdlfractal|status'
[CLIENT] process_daemon_msg type=24 data='sdlfractal|status'
[CLIENT] process_daemon_msg type=24 data='sdlfractal|status'
[CLIENT] process_daemon_msg type=24 data='sdlfractal|status'
[CLIENT] process_daemon_msg type=24 data='sdlfractal|status'
[CLIENT] process_daemon_msg type=24 data='sdlfractal|status'
[CLIENT] process_daemon_msg type=24 data='sdlfractal|status'
[CLIENT] process_daemon_msg type=24 data='sdlfractal|status'
[CLIENT] process_daemon_msg type=24 data='sdlfractal|status'
[CLIENT] process_daemon_msg type=24 data='sdlfractal|status'
[CLIENT] process_daemon_msg type=24 data='sdlfractal|status'
[CLIENT] process_daemon_msg type=24 data='sdlfractal|status'
[CLIENT] process_daemon_msg type=24 data='sdlfractal|status'
[CLIENT] process_daemon_msg type=24 data='sdlfractal|status'
[CLIENT] process_daemon_msg type=24 data='sdlfractal|status'
[CLIENT] process_daemon_msg type=24 data='sdlfractal|status'
[CLIENT] process_daemon_msg type=24 data='sdlfractal|status'
[CLIENT] process_daemon_msg type=24 data='sdlfractal|status'
[CLIENT] process_daemon_msg type=24 data='sdlfractal|status'
[CLIENT] process_daemon_msg type=24 data='sdlfractal|status'
[CLIENT] process_daemon_msg type=24 data='sdlfractal|status'
[CLIENT] process_daemon_msg type=24 data='sdlfractal|status'
[CLIENT] process_daemon_msg type=24 data='sdlfractal|status'
[CLIENT] process_daemon_msg type=24 data='sdlfractal|status'
[CLIENT] process_daemon_msg type=24 data='sdlfractal|status'
[CLIENT] process_daemon_msg type=24 data='sdlfractal|status'
[CLIENT] process_daemon_msg type=24 data='sdlfractal|status'
[CLIENT] process_daemon_msg type=24 data='sdlfractal|status'
[CLIENT] process_daemon_msg type=24 data='sdlfractal|status'
[CLIENT] process_daemon_msg type=24 data='sdlfractal|status'
[CLIENT] process_daemon_msg type=24 data='sdlfractal|status'
[CLIENT] process_daemon_msg type=24 data='sdlfractal|status'
[CLIENT] process_daemon_msg type=24 data='sdlfractal|status'
[CLIENT] process_daemon_msg type=24 data='sdlfractal|status'
[CLIENT] process_daemon_msg type=24 data='sdlfractal|status'
[CLIENT] process_daemon_msg type=24 data='sdlfractal|status'
[CLIENT] process_daemon_msg type=24 data='sdlfractal|status'
[CLIENT] process_daemon_msg type=24 data='sdlfractal|status'
[CLIENT] process_daemon_msg type=24 data='sdlfractal|status'
[CLIENT] process_daemon_msg type=24 data='sdlfractal|status'
[CLIENT] process_daemon_msg type=24 data='sdlfractal|status'
[CLIENT] process_daemon_msg type=24 data='sdlfractal|status'
[CLIENT] process_daemon_msg type=24 data='sdlfractal|status'
[CLIENT] process_daemon_msg type=24 data='sdlfractal|status'
SDL_FRACTAL mode=CPU hash=f3472e2e elapsed_us=20390708 cpu_us=8583280 arm_us_est=0 transfer_us=0 colour_us=39847 draw_us=1751211 roundtrip_us=0 rate=333325018 cx=-6208 cy=0 step=76 limit=256
[CLIENT] process_daemon_msg type=24 data='sdlfractal|status'
[CLIENT] process_daemon_msg type=24 data='sdlfractal|direct'
[CLIENT] process_daemon_msg type=24 data='sdlfractal|metrics'
[CLIENT] process_daemon_msg type=24 data='sdlfractal|save'
[CLIENT] process_daemon_msg type=24 data='sdlfractal|pixels'
[CLIENT] process_daemon_msg type=24 data='sdlfractal|reset'
[CLIENT] process_daemon_msg type=24 data='sdlfractal|status'
[CLIENT] process_daemon_msg type=24 data='sdlfractal|status'
[CLIENT] process_daemon_msg type=24 data='sdlfractal|status'
[CLIENT] process_daemon_msg type=24 data='sdlfractal|status'
[CLIENT] process_daemon_msg type=24 data='sdlfractal|status'
[CLIENT] process_daemon_msg type=24 data='sdlfractal|status'
[CLIENT] process_daemon_msg type=24 data='sdlfractal|status'
[CLIENT] process_daemon_msg type=24 data='sdlfractal|status'
[CLIENT] process_daemon_msg type=24 data='sdlfractal|status'
[CLIENT] process_daemon_msg type=24 data='sdlfractal|status'
[CLIENT] process_daemon_msg type=24 data='sdlfractal|status'
[CLIENT] process_daemon_msg type=24 data='sdlfractal|status'
[CLIENT] process_daemon_msg type=24 data='sdlfractal|status'
[CLIENT] process_daemon_msg type=24 data='sdlfractal|status'
[CLIENT] process_daemon_msg type=24 data='sdlfractal|status'
[CLIENT] process_daemon_msg type=24 data='sdlfractal|status'
[CLIENT] process_daemon_msg type=24 data='sdlfractal|status'
[CLIENT] process_daemon_msg type=24 data='sdlfractal|status'
SDL_FRACTAL mode=CPU hash=fb32f6c6 elapsed_us=4289050 cpu_us=1681543 arm_us_est=0 transfer_us=0 colour_us=39675 draw_us=471889 roundtrip_us=0 rate=333325018 cx=-12288 cy=0 step=153 limit=128
[CLIENT] process_daemon_msg type=24 data='sdlfractal|status'
[CLIENT] process_daemon_msg type=24 data='sdlfractal|direct'
[CLIENT] process_daemon_msg type=24 data='sdlfractal|metrics'
[CLIENT] process_daemon_msg type=24 data='sdlfractal|save'
[CLIENT] process_daemon_msg type=24 data='sdlfractal|pixels'
[CLIENT] process_daemon_msg type=24 data='sdlfractal|screen 16'
SCREEN request_storage=16 mode=50041102 mode_depth=16 width=640 height=480
SCREEN bitmap_depth=16 bytes_per_pixel=2 format=5
[CLIENT] process_daemon_msg type=24 data='sdlfractal|arm'
[CLIENT] process_daemon_msg type=24 data='sdlfractal|status'
[CLIENT] process_daemon_msg type=24 data='sdlfractal|status'
[CLIENT] process_daemon_msg type=24 data='sdlfractal|status'
[CLIENT] process_daemon_msg type=24 data='sdlfractal|status'
[CLIENT] process_daemon_msg type=24 data='sdlfractal|status'
[CLIENT] process_daemon_msg type=24 data='sdlfractal|status'
[CLIENT] process_daemon_msg type=24 data='sdlfractal|status'
[CLIENT] process_daemon_msg type=24 data='sdlfractal|status'
[CLIENT] process_daemon_msg type=24 data='sdlfractal|status'
[CLIENT] process_daemon_msg type=24 data='sdlfractal|status'
[CLIENT] process_daemon_msg type=24 data='sdlfractal|status'
[CLIENT] process_daemon_msg type=24 data='sdlfractal|status'
[CLIENT] process_daemon_msg type=24 data='sdlfractal|status'
[CLIENT] process_daemon_msg type=24 data='sdlfractal|status'
[CLIENT] process_daemon_msg type=24 data='sdlfractal|status'
[CLIENT] process_daemon_msg type=24 data='sdlfractal|status'
SDL_FRACTAL mode=ARM hash=fb32f6c6 elapsed_us=3683880 cpu_us=0 arm_us_est=1609537 transfer_us=274626 colour_us=39874 draw_us=313643 roundtrip_us=3457007 rate=333325018 cx=-12288 cy=0 step=153 limit=128
[CLIENT] process_daemon_msg type=24 data='sdlfractal|status'
[CLIENT] process_daemon_msg type=24 data='sdlfractal|direct'
[CLIENT] process_daemon_msg type=24 data='sdlfractal|metrics'
[CLIENT] process_daemon_msg type=24 data='sdlfractal|save'
[CLIENT] process_daemon_msg type=24 data='sdlfractal|pixels'
[CLIENT] process_daemon_msg type=24 data='sdlfractal|screen 0'
[CLIENT] process_daemon_msg type=24 data='sdlfractal|arm'
[CLIENT] process_daemon_msg type=24 data='sdlfractal|status'
[CLIENT] process_daemon_msg type=24 data='sdlfractal|status'
[CLIENT] process_daemon_msg type=24 data='sdlfractal|status'
[CLIENT] process_daemon_msg type=24 data='sdlfractal|status'
[CLIENT] process_daemon_msg type=24 data='sdlfractal|status'
[CLIENT] process_daemon_msg type=24 data='sdlfractal|status'
[CLIENT] process_daemon_msg type=24 data='sdlfractal|status'
[CLIENT] process_daemon_msg type=24 data='sdlfractal|status'
[CLIENT] process_daemon_msg type=24 data='sdlfractal|status'
[CLIENT] process_daemon_msg type=24 data='sdlfractal|status'
[CLIENT] process_daemon_msg type=24 data='sdlfractal|status'
[CLIENT] process_daemon_msg type=24 data='sdlfractal|status'
[CLIENT] process_daemon_msg type=24 data='sdlfractal|status'
[CLIENT] process_daemon_msg type=24 data='sdlfractal|status'
[CLIENT] process_daemon_msg type=24 data='sdlfractal|status'
[CLIENT] process_daemon_msg type=24 data='sdlfractal|status'
[CLIENT] process_daemon_msg type=24 data='sdlfractal|status'
[CLIENT] process_daemon_msg type=24 data='sdlfractal|status'
SDL_FRACTAL mode=ARM hash=fb32f6c6 elapsed_us=4169654 cpu_us=0 arm_us_est=1712191 transfer_us=276806 colour_us=38352 draw_us=477464 roundtrip_us=3912001 rate=333325018 cx=-12288 cy=0 step=153 limit=128
[CLIENT] process_daemon_msg type=24 data='sdlfractal|status'
[CLIENT] process_daemon_msg type=24 data='sdlfractal|direct'
[CLIENT] process_daemon_msg type=24 data='sdlfractal|metrics'
[CLIENT] process_daemon_msg type=24 data='sdlfractal|save'
[CLIENT] process_daemon_msg type=24 data='sdlfractal|screen 32'
SCREEN request_storage=32 mode=50041303 mode_depth=32 width=640 height=480
SCREEN bitmap_depth=32 bytes_per_pixel=4 format=12
[CLIENT] process_daemon_msg type=24 data='sdlfractal|arm'
[CLIENT] process_daemon_msg type=24 data='sdlfractal|status'
[CLIENT] process_daemon_msg type=24 data='sdlfractal|status'
[CLIENT] process_daemon_msg type=24 data='sdlfractal|status'
[CLIENT] process_daemon_msg type=24 data='sdlfractal|status'
[CLIENT] process_daemon_msg type=24 data='sdlfractal|status'
[CLIENT] process_daemon_msg type=24 data='sdlfractal|status'
[CLIENT] process_daemon_msg type=24 data='sdlfractal|status'
[CLIENT] process_daemon_msg type=24 data='sdlfractal|status'
DIRECT_FRAME hash=fb32f6c6 wall_us=1806205 arm_us=1617414 colour_us=74106 copy_us=13519 blit_us=1358 draw_us=47072
[CLIENT] process_daemon_msg type=24 data='sdlfractal|status'
[CLIENT] process_daemon_msg type=24 data='sdlfractal|iconify'
[CLIENT] process_daemon_msg type=24 data='sdlfractal|status'
[CLIENT] process_daemon_msg type=24 data='sdlfractal|arm'
[CLIENT] process_daemon_msg type=24 data='sdlfractal|status'
[CLIENT] process_daemon_msg type=24 data='sdlfractal|status'
[CLIENT] process_daemon_msg type=24 data='sdlfractal|status'
[CLIENT] process_daemon_msg type=24 data='sdlfractal|status'
[CLIENT] process_daemon_msg type=24 data='sdlfractal|status'
[CLIENT] process_daemon_msg type=24 data='sdlfractal|status'
[CLIENT] process_daemon_msg type=24 data='sdlfractal|status'
[CLIENT] process_daemon_msg type=24 data='sdlfractal|status'
DIRECT_FRAME hash=fb32f6c6 wall_us=1871231 arm_us=1706001 colour_us=77092 copy_us=13799 blit_us=0 draw_us=26112
[CLIENT] process_daemon_msg type=24 data='sdlfractal|status'
[CLIENT] process_daemon_msg type=24 data='sdlfractal|restore'
[CLIENT] process_daemon_msg type=24 data='sdlfractal|pixels'
[CLIENT] process_daemon_msg type=24 data='sdlfractal|cover'
[CLIENT] process_daemon_msg type=24 data='sdlfractal|arm'
[CLIENT] process_daemon_msg type=24 data='sdlfractal|status'
[CLIENT] process_daemon_msg type=24 data='sdlfractal|status'
[CLIENT] process_daemon_msg type=24 data='sdlfractal|status'
[CLIENT] process_daemon_msg type=24 data='sdlfractal|status'
[CLIENT] process_daemon_msg type=24 data='sdlfractal|status'
[CLIENT] process_daemon_msg type=24 data='sdlfractal|status'
[CLIENT] process_daemon_msg type=24 data='sdlfractal|status'
[CLIENT] process_daemon_msg type=24 data='sdlfractal|status'
DIRECT_FRAME hash=fb32f6c6 wall_us=1809733 arm_us=1617885 colour_us=74065 copy_us=13526 blit_us=5316 draw_us=49740
[CLIENT] process_daemon_msg type=24 data='sdlfractal|status'
[CLIENT] process_daemon_msg type=24 data='sdlfractal|uncover'
[CLIENT] process_daemon_msg type=24 data='sdlfractal|pixels'
[CLIENT] process_daemon_msg type=24 data='sdlfractal|pixels'
[CLIENT] process_daemon_msg type=24 data='arm_debug|S'
[CLIENT] process_daemon_msg type=24 data='arm_debug|R 00000001 0 60'
[CLIENT] process_daemon_msg type=24 data='arm_debug|R 00000001 60 60'
[CLIENT] process_daemon_msg type=24 data='arm_debug|R 00000001 c0 40'
[CLIENT] process_daemon_msg type=24 data='arm_debug|S'
[CLIENT] process_daemon_msg type=24 data='arm_debug|R 00000002 0 60'
[CLIENT] process_daemon_msg type=24 data='arm_debug|R 00000002 60 60'
[CLIENT] process_daemon_msg type=24 data='arm_debug|R 00000002 c0 40'
[CLIENT] process_daemon_msg type=24 data='arm_debug|W 85a09d81 1 1 0 0 0'
[CLIENT] process_daemon_msg type=24 data='arm_debug|S'
[CLIENT] process_daemon_msg type=24 data='arm_debug|R 00000003 0 60'
[CLIENT] process_daemon_msg type=24 data='arm_debug|R 00000003 60 60'
[CLIENT] process_daemon_msg type=24 data='arm_debug|R 00000003 c0 40'
[CLIENT] process_daemon_msg type=24 data='sdlfractal|arm'
[CLIENT] process_daemon_msg type=24 data='sdlfractal|status'
[CLIENT] process_daemon_msg type=24 data='sdlfractal|cancel'
[CLIENT] process_daemon_msg type=24 data='sdlfractal|status'
[CLIENT] process_daemon_msg type=24 data='arm_debug|S'
[CLIENT] process_daemon_msg type=24 data='arm_debug|R 00000004 0 60'
[CLIENT] process_daemon_msg type=24 data='arm_debug|R 00000004 60 60'
[CLIENT] process_daemon_msg type=24 data='arm_debug|R 00000004 c0 40'
[CLIENT] process_daemon_msg type=24 data='arm_debug|S'
[CLIENT] process_daemon_msg type=24 data='arm_debug|R 00000005 0 60'
[CLIENT] process_daemon_msg type=24 data='arm_debug|R 00000005 60 60'
[CLIENT] process_daemon_msg type=24 data='arm_debug|R 00000005 c0 40'
[CLIENT] process_daemon_msg type=24 data='arm_debug|W 85a09d81 2 7 0 0 0'
[CLIENT] process_daemon_msg type=24 data='arm_debug|S'
[CLIENT] process_daemon_msg type=24 data='arm_debug|R 00000006 0 60'
[CLIENT] process_daemon_msg type=24 data='arm_debug|R 00000006 60 60'
[CLIENT] process_daemon_msg type=24 data='arm_debug|R 00000006 c0 40'
[CLIENT] process_daemon_msg type=24 data='sdlfractal|arm'
[CLIENT] process_daemon_msg type=24 data='sdlfractal|zoom 160 120'
[CLIENT] process_daemon_msg type=24 data='sdlfractal|cancel'
[CLIENT] process_daemon_msg type=24 data='sdlfractal|status'
[CLIENT] process_daemon_msg type=24 data='sdlfractal|arm'
[CLIENT] process_daemon_msg type=24 data='sdlfractal|zoom 160 120'
[CLIENT] process_daemon_msg type=24 data='sdlfractal|cancel'
[CLIENT] process_daemon_msg type=24 data='sdlfractal|status'
[CLIENT] process_daemon_msg type=24 data='sdlfractal|arm'
[CLIENT] process_daemon_msg type=24 data='sdlfractal|zoom 160 120'
[CLIENT] process_daemon_msg type=24 data='sdlfractal|cancel'
[CLIENT] process_daemon_msg type=24 data='sdlfractal|status'
[CLIENT] process_daemon_msg type=24 data='sdlfractal|reset'
[CLIENT] process_daemon_msg type=24 data='sdlfractal|status'
[CLIENT] process_daemon_msg type=24 data='sdlfractal|status'
[CLIENT] process_daemon_msg type=24 data='sdlfractal|status'
[CLIENT] process_daemon_msg type=24 data='sdlfractal|status'
[CLIENT] process_daemon_msg type=24 data='sdlfractal|status'
[CLIENT] process_daemon_msg type=24 data='sdlfractal|status'
[CLIENT] process_daemon_msg type=24 data='sdlfractal|status'
[CLIENT] process_daemon_msg type=24 data='sdlfractal|status'
DIRECT_FRAME hash=fb32f6c6 wall_us=1824066 arm_us=1617758 colour_us=74283 copy_us=13524 blit_us=4007 draw_us=48719
[CLIENT] process_daemon_msg type=24 data='sdlfractal|status'
[CLIENT] process_daemon_msg type=24 data='sdlfractal|direct'
[CLIENT] process_daemon_msg type=24 data='sdlfractal|metrics'
[CLIENT] process_daemon_msg type=24 data='sdlfractal|save'
[CLIENT] process_daemon_msg type=24 data='sdlfractal|pixels'
[CLIENT] process_daemon_msg type=24 data='arm_debug|S'
[CLIENT] process_daemon_msg type=24 data='arm_debug|R 00000007 0 60'
[CLIENT] process_daemon_msg type=24 data='arm_debug|R 00000007 60 60'
[CLIENT] process_daemon_msg type=24 data='arm_debug|R 00000007 c0 40'
[CLIENT] process_daemon_msg type=24 data='arm_debug|S'
[CLIENT] process_daemon_msg type=24 data='arm_debug|R 00000008 0 60'
[CLIENT] process_daemon_msg type=24 data='arm_debug|R 00000008 60 60'
[CLIENT] process_daemon_msg type=24 data='arm_debug|R 00000008 c0 40'
[CLIENT] process_daemon_msg type=24 data='arm_debug|W 85a09d81 3 1 0 0 0'
[CLIENT] process_daemon_msg type=24 data='arm_debug|S'
[CLIENT] process_daemon_msg type=24 data='arm_debug|R 00000009 0 60'
[CLIENT] process_daemon_msg type=24 data='arm_debug|R 00000009 60 60'
[CLIENT] process_daemon_msg type=24 data='arm_debug|R 00000009 c0 40'
[CLIENT] process_daemon_msg type=24 data='sdlfractal|arm'
[CLIENT] process_daemon_msg type=24 data='sdlfractal|quit'
SDL_UI exit=0 renders=28 cancels=10 discarded=9
EXIT epilogue=52455431 cache_echoes=0 rounds=0
LAUNCHER exit=0; owned memory released
