OWNED amiga=50000040 arm_candidate=101f0040 size=131072 nonce=85a0b9e1
BOOTSTRAP amiga=40c52800 arm=00e42800 (P96 allocated/locked)
MAP status=4d415031 SCTLR=08c50878 MIDR=413fc090 MPIDR=80000001
MAPPING PASS (eight nonce-derived words)
ARM ready=41524d31 SCTLR=08c50878 MIDR=413fc090 MPIDR=80000001
SCHEDULER paced=1 work_us=2000 sleep_us=1000 cpu_steps=1024
TIMER ticks_per_second=333325206 span_us=1010237 uncertainty_us=515 control=00000001 read_only=1
[CLIENT] process_daemon_msg type=24 data='sdlfractal|status'
[CLIENT] process_daemon_msg type=24 data='sdlfractal|status'
[CLIENT] process_daemon_msg type=24 data='sdlfractal|status'
[CLIENT] process_daemon_msg type=24 data='sdlfractal|status'
[CLIENT] process_daemon_msg type=24 data='sdlfractal|status'
[CLIENT] process_daemon_msg type=24 data='sdlfractal|status'
[CLIENT] process_daemon_msg type=24 data='sdlfractal|status'
[CLIENT] process_daemon_msg type=24 data='sdlfractal|status'
[CLIENT] process_daemon_msg type=24 data='sdlfractal|status'
[CLIENT] process_daemon_msg type=24 data='sdlfractal|status'
[CLIENT] process_daemon_msg type=24 data='sdlfractal|status'
[CLIENT] process_daemon_msg type=24 data='sdlfractal|status'
[CLIENT] process_daemon_msg type=24 data='sdlfractal|status'
[CLIENT] process_daemon_msg type=24 data='sdlfractal|status'
[CLIENT] process_daemon_msg type=24 data='sdlfractal|status'
SDL_FRACTAL mode=ARM hash=fb32f6c6 elapsed_us=3861655 cpu_us=0 arm_us_est=1470572 transfer_us=272570 colour_us=37857 draw_us=468747 roundtrip_us=3599755 rate=333325206 cx=-12288 cy=0 step=153 limit=128
[CLIENT] process_daemon_msg type=24 data='sdlfractal|status'
[CLIENT] process_daemon_msg type=24 data='sdlfractal|automation on'
[CLIENT] process_daemon_msg type=24 data='sdlfractal|screen 0'
[CLIENT] process_daemon_msg type=24 data='sdlfractal|arm'
[CLIENT] process_daemon_msg type=24 data='sdlfractal|status'
[CLIENT] process_daemon_msg type=24 data='sdlfractal|status'
[CLIENT] process_daemon_msg type=24 data='sdlfractal|status'
[CLIENT] process_daemon_msg type=24 data='sdlfractal|status'
[CLIENT] process_daemon_msg type=24 data='sdlfractal|status'
[CLIENT] process_daemon_msg type=24 data='sdlfractal|status'
[CLIENT] process_daemon_msg type=24 data='sdlfractal|status'
[CLIENT] process_daemon_msg type=24 data='sdlfractal|status'
[CLIENT] process_daemon_msg type=24 data='sdlfractal|status'
[CLIENT] process_daemon_msg type=24 data='sdlfractal|status'
[CLIENT] process_daemon_msg type=24 data='sdlfractal|status'
[CLIENT] process_daemon_msg type=24 data='sdlfractal|status'
[CLIENT] process_daemon_msg type=24 data='sdlfractal|status'
[CLIENT] process_daemon_msg type=24 data='sdlfractal|status'
SDL_FRACTAL mode=ARM hash=fb32f6c6 elapsed_us=3871174 cpu_us=0 arm_us_est=1467295 transfer_us=276268 colour_us=37568 draw_us=460012 roundtrip_us=3615303 rate=333325206 cx=-12288 cy=0 step=153 limit=128
[CLIENT] process_daemon_msg type=24 data='sdlfractal|status'
[CLIENT] process_daemon_msg type=24 data='sdlfractal|metrics'
[CLIENT] process_daemon_msg type=24 data='sdlfractal|arm'
[CLIENT] process_daemon_msg type=24 data='sdlfractal|status'
[CLIENT] process_daemon_msg type=24 data='sdlfractal|status'
[CLIENT] process_daemon_msg type=24 data='sdlfractal|status'
[CLIENT] process_daemon_msg type=24 data='sdlfractal|status'
[CLIENT] process_daemon_msg type=24 data='sdlfractal|status'
[CLIENT] process_daemon_msg type=24 data='sdlfractal|status'
[CLIENT] process_daemon_msg type=24 data='sdlfractal|status'
[CLIENT] process_daemon_msg type=24 data='sdlfractal|status'
[CLIENT] process_daemon_msg type=24 data='sdlfractal|status'
[CLIENT] process_daemon_msg type=24 data='sdlfractal|status'
[CLIENT] process_daemon_msg type=24 data='sdlfractal|status'
[CLIENT] process_daemon_msg type=24 data='sdlfractal|status'
[CLIENT] process_daemon_msg type=24 data='sdlfractal|status'
[CLIENT] process_daemon_msg type=24 data='sdlfractal|status'
SDL_FRACTAL mode=ARM hash=fb32f6c6 elapsed_us=3891234 cpu_us=0 arm_us_est=1470719 transfer_us=267088 colour_us=37769 draw_us=465470 roundtrip_us=3628439 rate=333325206 cx=-12288 cy=0 step=153 limit=128
[CLIENT] process_daemon_msg type=24 data='sdlfractal|status'
[CLIENT] process_daemon_msg type=24 data='sdlfractal|metrics'
[CLIENT] process_daemon_msg type=24 data='sdlfractal|arm'
[CLIENT] process_daemon_msg type=24 data='sdlfractal|status'
[CLIENT] process_daemon_msg type=24 data='sdlfractal|status'
[CLIENT] process_daemon_msg type=24 data='sdlfractal|status'
[CLIENT] process_daemon_msg type=24 data='sdlfractal|status'
[CLIENT] process_daemon_msg type=24 data='sdlfractal|status'
[CLIENT] process_daemon_msg type=24 data='sdlfractal|status'
[CLIENT] process_daemon_msg type=24 data='sdlfractal|status'
[CLIENT] process_daemon_msg type=24 data='sdlfractal|status'
[CLIENT] process_daemon_msg type=24 data='sdlfractal|status'
[CLIENT] process_daemon_msg type=24 data='sdlfractal|status'
[CLIENT] process_daemon_msg type=24 data='sdlfractal|status'
[CLIENT] process_daemon_msg type=24 data='sdlfractal|status'
[CLIENT] process_daemon_msg type=24 data='sdlfractal|status'
[CLIENT] process_daemon_msg type=24 data='sdlfractal|status'
[CLIENT] process_daemon_msg type=24 data='sdlfractal|status'
[CLIENT] process_daemon_msg type=24 data='sdlfractal|status'
SDL_FRACTAL mode=ARM hash=fb32f6c6 elapsed_us=3692490 cpu_us=0 arm_us_est=1470503 transfer_us=269577 colour_us=38309 draw_us=454944 roundtrip_us=3423216 rate=333325206 cx=-12288 cy=0 step=153 limit=128
[CLIENT] process_daemon_msg type=24 data='sdlfractal|status'
[CLIENT] process_daemon_msg type=24 data='sdlfractal|metrics'
[CLIENT] process_daemon_msg type=24 data='sdlfractal|arm'
[CLIENT] process_daemon_msg type=24 data='sdlfractal|status'
[CLIENT] process_daemon_msg type=24 data='sdlfractal|status'
[CLIENT] process_daemon_msg type=24 data='sdlfractal|status'
[CLIENT] process_daemon_msg type=24 data='sdlfractal|status'
[CLIENT] process_daemon_msg type=24 data='sdlfractal|status'
[CLIENT] process_daemon_msg type=24 data='sdlfractal|status'
[CLIENT] process_daemon_msg type=24 data='sdlfractal|status'
[CLIENT] process_daemon_msg type=24 data='sdlfractal|status'
[CLIENT] process_daemon_msg type=24 data='sdlfractal|status'
[CLIENT] process_daemon_msg type=24 data='sdlfractal|status'
[CLIENT] process_daemon_msg type=24 data='sdlfractal|status'
[CLIENT] process_daemon_msg type=24 data='sdlfractal|status'
[CLIENT] process_daemon_msg type=24 data='sdlfractal|status'
[CLIENT] process_daemon_msg type=24 data='sdlfractal|status'
[CLIENT] process_daemon_msg type=24 data='sdlfractal|status'
[CLIENT] process_daemon_msg type=24 data='sdlfractal|status'
SDL_FRACTAL mode=ARM hash=fb32f6c6 elapsed_us=3847547 cpu_us=0 arm_us_est=1470329 transfer_us=270721 colour_us=37687 draw_us=461458 roundtrip_us=3594544 rate=333325206 cx=-12288 cy=0 step=153 limit=128
[CLIENT] process_daemon_msg type=24 data='sdlfractal|status'
[CLIENT] process_daemon_msg type=24 data='sdlfractal|metrics'
[CLIENT] process_daemon_msg type=24 data='sdlfractal|arm'
[CLIENT] process_daemon_msg type=24 data='sdlfractal|status'
[CLIENT] process_daemon_msg type=24 data='sdlfractal|status'
[CLIENT] process_daemon_msg type=24 data='sdlfractal|status'
[CLIENT] process_daemon_msg type=24 data='sdlfractal|status'
[CLIENT] process_daemon_msg type=24 data='sdlfractal|status'
[CLIENT] process_daemon_msg type=24 data='sdlfractal|status'
[CLIENT] process_daemon_msg type=24 data='sdlfractal|status'
[CLIENT] process_daemon_msg type=24 data='sdlfractal|status'
[CLIENT] process_daemon_msg type=24 data='sdlfractal|status'
[CLIENT] process_daemon_msg type=24 data='sdlfractal|status'
[CLIENT] process_daemon_msg type=24 data='sdlfractal|status'
[CLIENT] process_daemon_msg type=24 data='sdlfractal|status'
[CLIENT] process_daemon_msg type=24 data='sdlfractal|status'
[CLIENT] process_daemon_msg type=24 data='sdlfractal|status'
[CLIENT] process_daemon_msg type=24 data='sdlfractal|status'
[CLIENT] process_daemon_msg type=24 data='sdlfractal|status'
[CLIENT] process_daemon_msg type=24 data='sdlfractal|status'
SDL_FRACTAL mode=ARM hash=fb32f6c6 elapsed_us=3848887 cpu_us=0 arm_us_est=1469183 transfer_us=270772 colour_us=38464 draw_us=457946 roundtrip_us=3593826 rate=333325206 cx=-12288 cy=0 step=153 limit=128
[CLIENT] process_daemon_msg type=24 data='sdlfractal|status'
[CLIENT] process_daemon_msg type=24 data='sdlfractal|metrics'
[CLIENT] process_daemon_msg type=24 data='sdlfractal|cpu'
[CLIENT] process_daemon_msg type=24 data='sdlfractal|status'
[CLIENT] process_daemon_msg type=24 data='sdlfractal|status'
[CLIENT] process_daemon_msg type=24 data='sdlfractal|status'
[CLIENT] process_daemon_msg type=24 data='sdlfractal|status'
[CLIENT] process_daemon_msg type=24 data='sdlfractal|status'
[CLIENT] process_daemon_msg type=24 data='sdlfractal|status'
[CLIENT] process_daemon_msg type=24 data='sdlfractal|status'
[CLIENT] process_daemon_msg type=24 data='sdlfractal|status'
[CLIENT] process_daemon_msg type=24 data='sdlfractal|status'
[CLIENT] process_daemon_msg type=24 data='sdlfractal|status'
[CLIENT] process_daemon_msg type=24 data='sdlfractal|status'
[CLIENT] process_daemon_msg type=24 data='sdlfractal|status'
[CLIENT] process_daemon_msg type=24 data='sdlfractal|status'
[CLIENT] process_daemon_msg type=24 data='sdlfractal|status'
[CLIENT] process_daemon_msg type=24 data='sdlfractal|status'
[CLIENT] process_daemon_msg type=24 data='sdlfractal|status'
[CLIENT] process_daemon_msg type=24 data='sdlfractal|status'
[CLIENT] process_daemon_msg type=24 data='sdlfractal|status'
[CLIENT] process_daemon_msg type=24 data='sdlfractal|status'
SDL_FRACTAL mode=CPU hash=fb32f6c6 elapsed_us=4374432 cpu_us=1699560 arm_us_est=0 transfer_us=0 colour_us=40221 draw_us=526359 roundtrip_us=0 rate=333325206 cx=-12288 cy=0 step=153 limit=128
[CLIENT] process_daemon_msg type=24 data='sdlfractal|status'
[CLIENT] process_daemon_msg type=24 data='sdlfractal|metrics'
[CLIENT] process_daemon_msg type=24 data='sdlfractal|cpu'
[CLIENT] process_daemon_msg type=24 data='sdlfractal|status'
[CLIENT] process_daemon_msg type=24 data='sdlfractal|status'
[CLIENT] process_daemon_msg type=24 data='sdlfractal|status'
[CLIENT] process_daemon_msg type=24 data='sdlfractal|status'
[CLIENT] process_daemon_msg type=24 data='sdlfractal|status'
[CLIENT] process_daemon_msg type=24 data='sdlfractal|status'
[CLIENT] process_daemon_msg type=24 data='sdlfractal|status'
[CLIENT] process_daemon_msg type=24 data='sdlfractal|status'
[CLIENT] process_daemon_msg type=24 data='sdlfractal|status'
[CLIENT] process_daemon_msg type=24 data='sdlfractal|status'
[CLIENT] process_daemon_msg type=24 data='sdlfractal|status'
[CLIENT] process_daemon_msg type=24 data='sdlfractal|status'
[CLIENT] process_daemon_msg type=24 data='sdlfractal|status'
[CLIENT] process_daemon_msg type=24 data='sdlfractal|status'
[CLIENT] process_daemon_msg type=24 data='sdlfractal|status'
[CLIENT] process_daemon_msg type=24 data='sdlfractal|status'
[CLIENT] process_daemon_msg type=24 data='sdlfractal|status'
[CLIENT] process_daemon_msg type=24 data='sdlfractal|status'
[CLIENT] process_daemon_msg type=24 data='sdlfractal|status'
SDL_FRACTAL mode=CPU hash=fb32f6c6 elapsed_us=4451437 cpu_us=1700122 arm_us_est=0 transfer_us=0 colour_us=38725 draw_us=516693 roundtrip_us=0 rate=333325206 cx=-12288 cy=0 step=153 limit=128
[CLIENT] process_daemon_msg type=24 data='sdlfractal|status'
[CLIENT] process_daemon_msg type=24 data='sdlfractal|metrics'
[CLIENT] process_daemon_msg type=24 data='sdlfractal|cpu'
[CLIENT] process_daemon_msg type=24 data='sdlfractal|status'
[CLIENT] process_daemon_msg type=24 data='sdlfractal|status'
[CLIENT] process_daemon_msg type=24 data='sdlfractal|status'
[CLIENT] process_daemon_msg type=24 data='sdlfractal|status'
[CLIENT] process_daemon_msg type=24 data='sdlfractal|status'
[CLIENT] process_daemon_msg type=24 data='sdlfractal|status'
[CLIENT] process_daemon_msg type=24 data='sdlfractal|status'
[CLIENT] process_daemon_msg type=24 data='sdlfractal|status'
[CLIENT] process_daemon_msg type=24 data='sdlfractal|status'
[CLIENT] process_daemon_msg type=24 data='sdlfractal|status'
[CLIENT] process_daemon_msg type=24 data='sdlfractal|status'
[CLIENT] process_daemon_msg type=24 data='sdlfractal|status'
[CLIENT] process_daemon_msg type=24 data='sdlfractal|status'
[CLIENT] process_daemon_msg type=24 data='sdlfractal|status'
[CLIENT] process_daemon_msg type=24 data='sdlfractal|status'
[CLIENT] process_daemon_msg type=24 data='sdlfractal|status'
[CLIENT] process_daemon_msg type=24 data='sdlfractal|status'
[CLIENT] process_daemon_msg type=24 data='sdlfractal|status'
[CLIENT] process_daemon_msg type=24 data='sdlfractal|status'
SDL_FRACTAL mode=CPU hash=fb32f6c6 elapsed_us=4534592 cpu_us=1719002 arm_us_est=0 transfer_us=0 colour_us=40599 draw_us=512040 roundtrip_us=0 rate=333325206 cx=-12288 cy=0 step=153 limit=128
[CLIENT] process_daemon_msg type=24 data='sdlfractal|status'
[CLIENT] process_daemon_msg type=24 data='sdlfractal|metrics'
[CLIENT] process_daemon_msg type=24 data='sdlfractal|cpu'
[CLIENT] process_daemon_msg type=24 data='sdlfractal|status'
[CLIENT] process_daemon_msg type=24 data='sdlfractal|status'
[CLIENT] process_daemon_msg type=24 data='sdlfractal|status'
[CLIENT] process_daemon_msg type=24 data='sdlfractal|status'
[CLIENT] process_daemon_msg type=24 data='sdlfractal|status'
[CLIENT] process_daemon_msg type=24 data='sdlfractal|status'
[CLIENT] process_daemon_msg type=24 data='sdlfractal|status'
[CLIENT] process_daemon_msg type=24 data='sdlfractal|status'
[CLIENT] process_daemon_msg type=24 data='sdlfractal|status'
[CLIENT] process_daemon_msg type=24 data='sdlfractal|status'
[CLIENT] process_daemon_msg type=24 data='sdlfractal|status'
[CLIENT] process_daemon_msg type=24 data='sdlfractal|status'
[CLIENT] process_daemon_msg type=24 data='sdlfractal|status'
[CLIENT] process_daemon_msg type=24 data='sdlfractal|status'
[CLIENT] process_daemon_msg type=24 data='sdlfractal|status'
[CLIENT] process_daemon_msg type=24 data='sdlfractal|status'
[CLIENT] process_daemon_msg type=24 data='sdlfractal|status'
[CLIENT] process_daemon_msg type=24 data='sdlfractal|status'
[CLIENT] process_daemon_msg type=24 data='sdlfractal|status'
SDL_FRACTAL mode=CPU hash=fb32f6c6 elapsed_us=4435585 cpu_us=1681489 arm_us_est=0 transfer_us=0 colour_us=40104 draw_us=508282 roundtrip_us=0 rate=333325206 cx=-12288 cy=0 step=153 limit=128
[CLIENT] process_daemon_msg type=24 data='sdlfractal|status'
[CLIENT] process_daemon_msg type=24 data='sdlfractal|metrics'
[CLIENT] process_daemon_msg type=24 data='sdlfractal|cpu'
[CLIENT] process_daemon_msg type=24 data='sdlfractal|status'
[CLIENT] process_daemon_msg type=24 data='sdlfractal|status'
[CLIENT] process_daemon_msg type=24 data='sdlfractal|status'
[CLIENT] process_daemon_msg type=24 data='sdlfractal|status'
[CLIENT] process_daemon_msg type=24 data='sdlfractal|status'
[CLIENT] process_daemon_msg type=24 data='sdlfractal|status'
[CLIENT] process_daemon_msg type=24 data='sdlfractal|status'
[CLIENT] process_daemon_msg type=24 data='sdlfractal|status'
[CLIENT] process_daemon_msg type=24 data='sdlfractal|status'
[CLIENT] process_daemon_msg type=24 data='sdlfractal|status'
[CLIENT] process_daemon_msg type=24 data='sdlfractal|status'
[CLIENT] process_daemon_msg type=24 data='sdlfractal|status'
[CLIENT] process_daemon_msg type=24 data='sdlfractal|status'
[CLIENT] process_daemon_msg type=24 data='sdlfractal|status'
[CLIENT] process_daemon_msg type=24 data='sdlfractal|status'
[CLIENT] process_daemon_msg type=24 data='sdlfractal|status'
[CLIENT] process_daemon_msg type=24 data='sdlfractal|status'
[CLIENT] process_daemon_msg type=24 data='sdlfractal|status'
[CLIENT] process_daemon_msg type=24 data='sdlfractal|status'
SDL_FRACTAL mode=CPU hash=fb32f6c6 elapsed_us=4450656 cpu_us=1703453 arm_us_est=0 transfer_us=0 colour_us=38605 draw_us=521645 roundtrip_us=0 rate=333325206 cx=-12288 cy=0 step=153 limit=128
[CLIENT] process_daemon_msg type=24 data='sdlfractal|status'
[CLIENT] process_daemon_msg type=24 data='sdlfractal|metrics'
[CLIENT] process_daemon_msg type=24 data='sdlfractal|screen 32'
SCREEN request_storage=32 mode=50041303 mode_depth=32 width=640 height=480
SCREEN bitmap_depth=32 bytes_per_pixel=4 format=12
[CLIENT] process_daemon_msg type=24 data='sdlfractal|arm'
[CLIENT] process_daemon_msg type=24 data='sdlfractal|status'
[CLIENT] process_daemon_msg type=24 data='sdlfractal|status'
[CLIENT] process_daemon_msg type=24 data='sdlfractal|status'
[CLIENT] process_daemon_msg type=24 data='sdlfractal|status'
[CLIENT] process_daemon_msg type=24 data='sdlfractal|status'
[CLIENT] process_daemon_msg type=24 data='sdlfractal|status'
[CLIENT] process_daemon_msg type=24 data='sdlfractal|status'
[CLIENT] process_daemon_msg type=24 data='sdlfractal|status'
[CLIENT] process_daemon_msg type=24 data='sdlfractal|status'
[CLIENT] process_daemon_msg type=24 data='sdlfractal|status'
[CLIENT] process_daemon_msg type=24 data='sdlfractal|status'
[CLIENT] process_daemon_msg type=24 data='sdlfractal|status'
[CLIENT] process_daemon_msg type=24 data='sdlfractal|status'
[CLIENT] process_daemon_msg type=24 data='sdlfractal|status'
[CLIENT] process_daemon_msg type=24 data='sdlfractal|status'
[CLIENT] process_daemon_msg type=24 data='sdlfractal|status'
SDL_FRACTAL mode=ARM hash=fb32f6c6 elapsed_us=3728746 cpu_us=0 arm_us_est=1405898 transfer_us=266592 colour_us=37811 draw_us=440577 roundtrip_us=3477434 rate=333325206 cx=-12288 cy=0 step=153 limit=128
[CLIENT] process_daemon_msg type=24 data='sdlfractal|status'
[CLIENT] process_daemon_msg type=24 data='sdlfractal|metrics'
[CLIENT] process_daemon_msg type=24 data='sdlfractal|arm'
[CLIENT] process_daemon_msg type=24 data='sdlfractal|status'
[CLIENT] process_daemon_msg type=24 data='sdlfractal|status'
[CLIENT] process_daemon_msg type=24 data='sdlfractal|status'
[CLIENT] process_daemon_msg type=24 data='sdlfractal|status'
[CLIENT] process_daemon_msg type=24 data='sdlfractal|status'
[CLIENT] process_daemon_msg type=24 data='sdlfractal|status'
[CLIENT] process_daemon_msg type=24 data='sdlfractal|status'
[CLIENT] process_daemon_msg type=24 data='sdlfractal|status'
[CLIENT] process_daemon_msg type=24 data='sdlfractal|status'
[CLIENT] process_daemon_msg type=24 data='sdlfractal|status'
[CLIENT] process_daemon_msg type=24 data='sdlfractal|status'
[CLIENT] process_daemon_msg type=24 data='sdlfractal|status'
SDL_FRACTAL mode=ARM hash=fb32f6c6 elapsed_us=3795940 cpu_us=0 arm_us_est=1404025 transfer_us=272228 colour_us=37956 draw_us=451031 roundtrip_us=3541401 rate=333325206 cx=-12288 cy=0 step=153 limit=128
[CLIENT] process_daemon_msg type=24 data='sdlfractal|status'
[CLIENT] process_daemon_msg type=24 data='sdlfractal|metrics'
[CLIENT] process_daemon_msg type=24 data='sdlfractal|arm'
[CLIENT] process_daemon_msg type=24 data='sdlfractal|status'
[CLIENT] process_daemon_msg type=24 data='sdlfractal|status'
[CLIENT] process_daemon_msg type=24 data='sdlfractal|status'
[CLIENT] process_daemon_msg type=24 data='sdlfractal|status'
[CLIENT] process_daemon_msg type=24 data='sdlfractal|status'
[CLIENT] process_daemon_msg type=24 data='sdlfractal|status'
[CLIENT] process_daemon_msg type=24 data='sdlfractal|status'
[CLIENT] process_daemon_msg type=24 data='sdlfractal|status'
[CLIENT] process_daemon_msg type=24 data='sdlfractal|status'
[CLIENT] process_daemon_msg type=24 data='sdlfractal|status'
[CLIENT] process_daemon_msg type=24 data='sdlfractal|status'
[CLIENT] process_daemon_msg type=24 data='sdlfractal|status'
[CLIENT] process_daemon_msg type=24 data='sdlfractal|status'
[CLIENT] process_daemon_msg type=24 data='sdlfractal|status'
[CLIENT] process_daemon_msg type=24 data='sdlfractal|status'
[CLIENT] process_daemon_msg type=24 data='sdlfractal|status'
[CLIENT] process_daemon_msg type=24 data='sdlfractal|status'
SDL_FRACTAL mode=ARM hash=fb32f6c6 elapsed_us=3737539 cpu_us=0 arm_us_est=1404156 transfer_us=263483 colour_us=38197 draw_us=449755 roundtrip_us=3481780 rate=333325206 cx=-12288 cy=0 step=153 limit=128
[CLIENT] process_daemon_msg type=24 data='sdlfractal|status'
[CLIENT] process_daemon_msg type=24 data='sdlfractal|metrics'
[CLIENT] process_daemon_msg type=24 data='sdlfractal|arm'
[CLIENT] process_daemon_msg type=24 data='sdlfractal|status'
[CLIENT] process_daemon_msg type=24 data='sdlfractal|status'
[CLIENT] process_daemon_msg type=24 data='sdlfractal|status'
[CLIENT] process_daemon_msg type=24 data='sdlfractal|status'
[CLIENT] process_daemon_msg type=24 data='sdlfractal|status'
[CLIENT] process_daemon_msg type=24 data='sdlfractal|status'
[CLIENT] process_daemon_msg type=24 data='sdlfractal|status'
[CLIENT] process_daemon_msg type=24 data='sdlfractal|status'
[CLIENT] process_daemon_msg type=24 data='sdlfractal|status'
[CLIENT] process_daemon_msg type=24 data='sdlfractal|status'
[CLIENT] process_daemon_msg type=24 data='sdlfractal|status'
[CLIENT] process_daemon_msg type=24 data='sdlfractal|status'
[CLIENT] process_daemon_msg type=24 data='sdlfractal|status'
[CLIENT] process_daemon_msg type=24 data='sdlfractal|status'
[CLIENT] process_daemon_msg type=24 data='sdlfractal|status'
[CLIENT] process_daemon_msg type=24 data='sdlfractal|status'
SDL_FRACTAL mode=ARM hash=fb32f6c6 elapsed_us=3724465 cpu_us=0 arm_us_est=1404986 transfer_us=269143 colour_us=38975 draw_us=441737 roundtrip_us=3469480 rate=333325206 cx=-12288 cy=0 step=153 limit=128
[CLIENT] process_daemon_msg type=24 data='sdlfractal|status'
[CLIENT] process_daemon_msg type=24 data='sdlfractal|metrics'
[CLIENT] process_daemon_msg type=24 data='sdlfractal|arm'
[CLIENT] process_daemon_msg type=24 data='sdlfractal|status'
[CLIENT] process_daemon_msg type=24 data='sdlfractal|status'
[CLIENT] process_daemon_msg type=24 data='sdlfractal|status'
[CLIENT] process_daemon_msg type=24 data='sdlfractal|status'
[CLIENT] process_daemon_msg type=24 data='sdlfractal|status'
[CLIENT] process_daemon_msg type=24 data='sdlfractal|status'
[CLIENT] process_daemon_msg type=24 data='sdlfractal|status'
[CLIENT] process_daemon_msg type=24 data='sdlfractal|status'
[CLIENT] process_daemon_msg type=24 data='sdlfractal|status'
[CLIENT] process_daemon_msg type=24 data='sdlfractal|status'
[CLIENT] process_daemon_msg type=24 data='sdlfractal|status'
[CLIENT] process_daemon_msg type=24 data='sdlfractal|status'
[CLIENT] process_daemon_msg type=24 data='sdlfractal|status'
[CLIENT] process_daemon_msg type=24 data='sdlfractal|status'
[CLIENT] process_daemon_msg type=24 data='sdlfractal|status'
[CLIENT] process_daemon_msg type=24 data='sdlfractal|status'
SDL_FRACTAL mode=ARM hash=fb32f6c6 elapsed_us=3829009 cpu_us=0 arm_us_est=1404735 transfer_us=264074 colour_us=39753 draw_us=466951 roundtrip_us=3555344 rate=333325206 cx=-12288 cy=0 step=153 limit=128
[CLIENT] process_daemon_msg type=24 data='sdlfractal|status'
[CLIENT] process_daemon_msg type=24 data='sdlfractal|metrics'
[CLIENT] process_daemon_msg type=24 data='sdlfractal|cpu'
[CLIENT] process_daemon_msg type=24 data='sdlfractal|status'
[CLIENT] process_daemon_msg type=24 data='sdlfractal|status'
[CLIENT] process_daemon_msg type=24 data='sdlfractal|status'
[CLIENT] process_daemon_msg type=24 data='sdlfractal|status'
[CLIENT] process_daemon_msg type=24 data='sdlfractal|status'
[CLIENT] process_daemon_msg type=24 data='sdlfractal|status'
[CLIENT] process_daemon_msg type=24 data='sdlfractal|status'
[CLIENT] process_daemon_msg type=24 data='sdlfractal|status'
[CLIENT] process_daemon_msg type=24 data='sdlfractal|status'
[CLIENT] process_daemon_msg type=24 data='sdlfractal|status'
[CLIENT] process_daemon_msg type=24 data='sdlfractal|status'
[CLIENT] process_daemon_msg type=24 data='sdlfractal|status'
[CLIENT] process_daemon_msg type=24 data='sdlfractal|status'
[CLIENT] process_daemon_msg type=24 data='sdlfractal|status'
[CLIENT] process_daemon_msg type=24 data='sdlfractal|status'
[CLIENT] process_daemon_msg type=24 data='sdlfractal|status'
SDL_FRACTAL mode=CPU hash=fb32f6c6 elapsed_us=4255266 cpu_us=1707766 arm_us_est=0 transfer_us=0 colour_us=39114 draw_us=476113 roundtrip_us=0 rate=333325206 cx=-12288 cy=0 step=153 limit=128
[CLIENT] process_daemon_msg type=24 data='sdlfractal|status'
[CLIENT] process_daemon_msg type=24 data='sdlfractal|metrics'
[CLIENT] process_daemon_msg type=24 data='sdlfractal|cpu'
[CLIENT] process_daemon_msg type=24 data='sdlfractal|status'
[CLIENT] process_daemon_msg type=24 data='sdlfractal|status'
[CLIENT] process_daemon_msg type=24 data='sdlfractal|status'
[CLIENT] process_daemon_msg type=24 data='sdlfractal|status'
[CLIENT] process_daemon_msg type=24 data='sdlfractal|status'
[CLIENT] process_daemon_msg type=24 data='sdlfractal|status'
[CLIENT] process_daemon_msg type=24 data='sdlfractal|status'
[CLIENT] process_daemon_msg type=24 data='sdlfractal|status'
[CLIENT] process_daemon_msg type=24 data='sdlfractal|status'
[CLIENT] process_daemon_msg type=24 data='sdlfractal|status'
[CLIENT] process_daemon_msg type=24 data='sdlfractal|status'
[CLIENT] process_daemon_msg type=24 data='sdlfractal|status'
[CLIENT] process_daemon_msg type=24 data='sdlfractal|status'
[CLIENT] process_daemon_msg type=24 data='sdlfractal|status'
[CLIENT] process_daemon_msg type=24 data='sdlfractal|status'
[CLIENT] process_daemon_msg type=24 data='sdlfractal|status'
SDL_FRACTAL mode=CPU hash=fb32f6c6 elapsed_us=4317638 cpu_us=1706907 arm_us_est=0 transfer_us=0 colour_us=38741 draw_us=471148 roundtrip_us=0 rate=333325206 cx=-12288 cy=0 step=153 limit=128
[CLIENT] process_daemon_msg type=24 data='sdlfractal|status'
[CLIENT] process_daemon_msg type=24 data='sdlfractal|metrics'
[CLIENT] process_daemon_msg type=24 data='sdlfractal|cpu'
[CLIENT] process_daemon_msg type=24 data='sdlfractal|status'
[CLIENT] process_daemon_msg type=24 data='sdlfractal|status'
[CLIENT] process_daemon_msg type=24 data='sdlfractal|status'
[CLIENT] process_daemon_msg type=24 data='sdlfractal|status'
[CLIENT] process_daemon_msg type=24 data='sdlfractal|status'
[CLIENT] process_daemon_msg type=24 data='sdlfractal|status'
[CLIENT] process_daemon_msg type=24 data='sdlfractal|status'
[CLIENT] process_daemon_msg type=24 data='sdlfractal|status'
[CLIENT] process_daemon_msg type=24 data='sdlfractal|status'
[CLIENT] process_daemon_msg type=24 data='sdlfractal|status'
[CLIENT] process_daemon_msg type=24 data='sdlfractal|status'
[CLIENT] process_daemon_msg type=24 data='sdlfractal|status'
[CLIENT] process_daemon_msg type=24 data='sdlfractal|status'
[CLIENT] process_daemon_msg type=24 data='sdlfractal|status'
[CLIENT] process_daemon_msg type=24 data='sdlfractal|status'
[CLIENT] process_daemon_msg type=24 data='sdlfractal|status'
SDL_FRACTAL mode=CPU hash=fb32f6c6 elapsed_us=4300990 cpu_us=1697240 arm_us_est=0 transfer_us=0 colour_us=40709 draw_us=488392 roundtrip_us=0 rate=333325206 cx=-12288 cy=0 step=153 limit=128
[CLIENT] process_daemon_msg type=24 data='sdlfractal|status'
[CLIENT] process_daemon_msg type=24 data='sdlfractal|metrics'
[CLIENT] process_daemon_msg type=24 data='sdlfractal|cpu'
[CLIENT] process_daemon_msg type=24 data='sdlfractal|status'
[CLIENT] process_daemon_msg type=24 data='sdlfractal|status'
[CLIENT] process_daemon_msg type=24 data='sdlfractal|status'
[CLIENT] process_daemon_msg type=24 data='sdlfractal|status'
[CLIENT] process_daemon_msg type=24 data='sdlfractal|status'
[CLIENT] process_daemon_msg type=24 data='sdlfractal|status'
[CLIENT] process_daemon_msg type=24 data='sdlfractal|status'
[CLIENT] process_daemon_msg type=24 data='sdlfractal|status'
[CLIENT] process_daemon_msg type=24 data='sdlfractal|status'
[CLIENT] process_daemon_msg type=24 data='sdlfractal|status'
[CLIENT] process_daemon_msg type=24 data='sdlfractal|status'
[CLIENT] process_daemon_msg type=24 data='sdlfractal|status'
[CLIENT] process_daemon_msg type=24 data='sdlfractal|status'
[CLIENT] process_daemon_msg type=24 data='sdlfractal|status'
[CLIENT] process_daemon_msg type=24 data='sdlfractal|status'
[CLIENT] process_daemon_msg type=24 data='sdlfractal|status'
[CLIENT] process_daemon_msg type=24 data='sdlfractal|status'
SDL_FRACTAL mode=CPU hash=fb32f6c6 elapsed_us=4318373 cpu_us=1691858 arm_us_est=0 transfer_us=0 colour_us=39061 draw_us=483732 roundtrip_us=0 rate=333325206 cx=-12288 cy=0 step=153 limit=128
[CLIENT] process_daemon_msg type=24 data='sdlfractal|status'
[CLIENT] process_daemon_msg type=24 data='sdlfractal|metrics'
[CLIENT] process_daemon_msg type=24 data='sdlfractal|cpu'
[CLIENT] process_daemon_msg type=24 data='sdlfractal|status'
[CLIENT] process_daemon_msg type=24 data='sdlfractal|status'
[CLIENT] process_daemon_msg type=24 data='sdlfractal|status'
[CLIENT] process_daemon_msg type=24 data='sdlfractal|status'
[CLIENT] process_daemon_msg type=24 data='sdlfractal|status'
[CLIENT] process_daemon_msg type=24 data='sdlfractal|status'
[CLIENT] process_daemon_msg type=24 data='sdlfractal|status'
[CLIENT] process_daemon_msg type=24 data='sdlfractal|status'
[CLIENT] process_daemon_msg type=24 data='sdlfractal|status'
[CLIENT] process_daemon_msg type=24 data='sdlfractal|status'
[CLIENT] process_daemon_msg type=24 data='sdlfractal|status'
[CLIENT] process_daemon_msg type=24 data='sdlfractal|status'
[CLIENT] process_daemon_msg type=24 data='sdlfractal|status'
[CLIENT] process_daemon_msg type=24 data='sdlfractal|status'
[CLIENT] process_daemon_msg type=24 data='sdlfractal|status'
[CLIENT] process_daemon_msg type=24 data='sdlfractal|status'
[CLIENT] process_daemon_msg type=24 data='sdlfractal|status'
[CLIENT] process_daemon_msg type=24 data='sdlfractal|status'
SDL_FRACTAL mode=CPU hash=fb32f6c6 elapsed_us=4387821 cpu_us=1714538 arm_us_est=0 transfer_us=0 colour_us=40083 draw_us=487630 roundtrip_us=0 rate=333325206 cx=-12288 cy=0 step=153 limit=128
[CLIENT] process_daemon_msg type=24 data='sdlfractal|status'
[CLIENT] process_daemon_msg type=24 data='sdlfractal|metrics'
[CLIENT] process_daemon_msg type=24 data='sdlfractal|quit'
SDL_UI exit=0 renders=21 cancels=0 discarded=0
EXIT epilogue=52455431 cache_echoes=0 rounds=0
LAUNCHER exit=0; owned memory released
